[      99ms] [INFO] %cDownload the React DevTools for a better development experience: https://react.dev/link/react-devtools font-weight:bold @ http://localhost:3000/_next/static/chunks/node_modules_react-dom_0bruynb._.js:15305
[     104ms] [LOG] [HMR] connected @ http://localhost:3000/_next/static/chunks/node_modules_next_dist_0k8zr~w._.js:1226
[     117ms] [ERROR] %o

%s

%s
 ReferenceError: useWallet is not defined
    at ConfidentialPage (http://localhost:3000/_next/static/chunks/%5Broot-of-the-server%5D__0ko~74_._.js:649:38)
    at Object.react_stack_bottom_frame (http://localhost:3000/_next/static/chunks/node_modules_react-dom_0bruynb._.js:13800:24)
    at renderWithHooks (http://localhost:3000/_next/static/chunks/node_modules_react-dom_0bruynb._.js:4464:24)
    at updateFunctionComponent (http://localhost:3000/_next/static/chunks/node_modules_react-dom_0bruynb._.js:5917:21)
    at beginWork (http://localhost:3000/_next/static/chunks/node_modules_react-dom_0bruynb._.js:6498:24)
    at runWithFiberInDEV (http://localhost:3000/_next/static/chunks/node_modules_react-dom_0bruynb._.js:886:74)
    at performUnitOfWork (http://localhost:3000/_next/static/chunks/node_modules_react-dom_0bruynb._.js:8894:97)
    at workLoopSync (http://localhost:3000/_next/static/chunks/node_modules_react-dom_0bruynb._.js:8788:40)
    at renderRootSync (http://localhost:3000/_next/static/chunks/node_modules_react-dom_0bruynb._.js:8772:13)
    at performWorkOnRoot (http://localhost:3000/_next/static/chunks/node_modules_react-dom_0bruynb._.js:8437:47)
    at performSyncWorkOnRoot (http://localhost:3000/_next/static/chunks/node_modules_react-dom_0bruynb._.js:9542:9)
    at flushSyncWorkAcrossRoots_impl (http://localhost:3000/_next/static/chunks/node_modules_react-dom_0bruynb._.js:9458:316)
    at processRootScheduleInMicrotask (http://localhost:3000/_next/static/chunks/node_modules_react-dom_0bruynb._.js:9479:106)
    at http://localhost:3000/_next/static/chunks/node_modules_react-dom_0bruynb._.js:9553:158 The above error occurred in the <ConfidentialPage> component. React will try to recreate this component tree from scratch using the error boundary you provided, PagesDevOverlayErrorBoundary. @ http://localhost:3000/_next/static/chunks/node_modules_next_dist_0k8zr~w._.js:1945
[   29762ms] [LOG] [Fast Refresh] rebuilding @ http://localhost:3000/_next/static/chunks/node_modules_next_dist_0k8zr~w._.js:1226
[   29811ms] [LOG] [Fast Refresh] done in 19ms @ http://localhost:3000/_next/static/chunks/node_modules_next_dist_0k8zr~w._.js:1226
[   38041ms] [LOG] Refreshing page data due to server-side change @ http://localhost:3000/_next/static/chunks/node_modules_next_dist_0k8zr~w._.js:1226
[   38118ms] [ERROR] ./pages/confidential.tsx:257:12
Unexpected token. Did you mean `{'}'}` or `&rbrace;`?
  255 |               </div>
  256 |             </div>
> 257 |           )}
      |            ^
  258 |         </div>
  259 |
  260 |         {/* Technical Details */}

Parsing ecmascript source code failed @ http://localhost:3000/_next/static/chunks/node_modules_next_dist_0k8zr~w._.js:1945
[   38118ms] [ERROR] ./pages/confidential.tsx
Code generation for chunk item errored
An error occurred while generating the chunk item [project]/pages/confidential.tsx [ssr] (ecmascript)

Caused by:
- CJS module can't be async.

Debug info:
- An error occurred while generating the chunk item [project]/pages/confidential.tsx [ssr] (ecmascript)
- Execution of <EcmascriptModuleAsset as EcmascriptChunkPlaceable>::chunk_item_content failed
- Execution of EcmascriptChunkItemContent::new failed
- CJS module can't be async. @ http://localhost:3000/_next/static/chunks/node_modules_next_dist_0k8zr~w._.js:1945
[   38156ms] [ERROR] ./pages/confidential.tsx:257:12
Unexpected token. Did you mean `{'}'}` or `&rbrace;`?
  255 |               </div>
  256 |             </div>
> 257 |           )}
      |            ^
  258 |         </div>
  259 |
  260 |         {/* Technical Details */}

Parsing ecmascript source code failed @ http://localhost:3000/_next/static/chunks/node_modules_next_dist_0k8zr~w._.js:1945
[   38156ms] [ERROR] ./pages/confidential.tsx
Code generation for chunk item errored
An error occurred while generating the chunk item [project]/pages/confidential.tsx [ssr] (ecmascript)

Caused by:
- CJS module can't be async.

Debug info:
- An error occurred while generating the chunk item [project]/pages/confidential.tsx [ssr] (ecmascript)
- Execution of <EcmascriptModuleAsset as EcmascriptChunkPlaceable>::chunk_item_content failed
- Execution of EcmascriptChunkItemContent::new failed
- CJS module can't be async. @ http://localhost:3000/_next/static/chunks/node_modules_next_dist_0k8zr~w._.js:1945
[   38224ms] [LOG] [Fast Refresh] rebuilding @ http://localhost:3000/_next/static/chunks/node_modules_next_dist_0k8zr~w._.js:1226
[   73769ms] [LOG] Refreshing page data due to server-side change @ http://localhost:3000/_next/static/chunks/node_modules_next_dist_0k8zr~w._.js:1226
[   73773ms] [LOG] [Fast Refresh] rebuilding @ http://localhost:3000/_next/static/chunks/node_modules_next_dist_0k8zr~w._.js:1226
[   73831ms] [LOG] [Fast Refresh] done in 19ms @ http://localhost:3000/_next/static/chunks/node_modules_next_dist_0k8zr~w._.js:1226
