[     169ms] [LOG] [Fast Refresh] rebuilding @ http://localhost:3000/_next/static/chunks/node_modules_next_dist_0k8zr~w._.js:1226
[     589ms] [LOG] [Fast Refresh] done in 520ms @ http://localhost:3000/_next/static/chunks/node_modules_next_dist_0k8zr~w._.js:1226
[    1031ms] [INFO] %cDownload the React DevTools for a better development experience: https://react.dev/link/react-devtools font-weight:bold @ http://localhost:3000/_next/static/chunks/node_modules_react-dom_0bruynb._.js:15305
[    1038ms] [LOG] [HMR] connected @ http://localhost:3000/_next/static/chunks/node_modules_next_dist_0k8zr~w._.js:1226
[    1039ms] [WARNING] [HMR] Invalid message: {"type":"isrManifest","data":{"/market":true,"/":true}}
TypeError: Cannot read properties of undefined (reading 'components')
    at handleStaticIndicator (http://localhost:3000/_next/static/chunks/node_modules_next_dist_client_0pe1dg-._.js:2791:46)
    at processMessage (http://localhost:3000/_next/static/chunks/node_modules_next_dist_client_0pe1dg-._.js:2805:17)
    at http://localhost:3000/_next/static/chunks/node_modules_next_dist_client_0pe1dg-._.js:2679:13
    at WebSocket.handleMessage (http://localhost:3000/_next/static/chunks/node_modules_next_dist_client_0pe1dg-._.js:2324:17) @ http://localhost:3000/_next/static/chunks/node_modules_next_dist_0k8zr~w._.js:1226
[    1092ms] [ERROR] Error: You have tried to read "publicKey" on a WalletContext without providing one. Make sure to render a WalletProvider as an ancestor of the component that uses WalletContext.
    at logMissingProviderError (http://localhost:3000/_next/static/chunks/node_modules_0lgf.lz._.js:1621:19)
    at Object.get (http://localhost:3000/_next/static/chunks/node_modules_0lgf.lz._.js:1616:9)
    at PlaceBetModal (http://localhost:3000/_next/static/chunks/%5Broot-of-the-server%5D__02xis4s._.js:2315:13)
    at Object.react_stack_bottom_frame (http://localhost:3000/_next/static/chunks/node_modules_react-dom_0bruynb._.js:13800:24)
    at renderWithHooks (http://localhost:3000/_next/static/chunks/node_modules_react-dom_0bruynb._.js:4464:24)
    at updateFunctionComponent (http://localhost:3000/_next/static/chunks/node_modules_react-dom_0bruynb._.js:5917:21)
    at beginWork (http://localhost:3000/_next/static/chunks/node_modules_react-dom_0bruynb._.js:6498:24)
    at runWithFiberInDEV (http://localhost:3000/_next/static/chunks/node_modules_react-dom_0bruynb._.js:886:74)
    at performUnitOfWork (http://localhost:3000/_next/static/chunks/node_modules_react-dom_0bruynb._.js:8894:97)
    at workLoopSync (http://localhost:3000/_next/static/chunks/node_modules_react-dom_0bruynb._.js:8788:40)
    at renderRootSync (http://localhost:3000/_next/static/chunks/node_modules_react-dom_0bruynb._.js:8772:13)
    at performWorkOnRoot (http://localhost:3000/_next/static/chunks/node_modules_react-dom_0bruynb._.js:8400:186)
    at performSyncWorkOnRoot (http://localhost:3000/_next/static/chunks/node_modules_react-dom_0bruynb._.js:9542:9)
    at flushSyncWorkAcrossRoots_impl (http://localhost:3000/_next/static/chunks/node_modules_react-dom_0bruynb._.js:9458:316)
    at processRootScheduleInMicrotask (http://localhost:3000/_next/static/chunks/node_modules_react-dom_0bruynb._.js:9479:106)
    at http://localhost:3000/_next/static/chunks/node_modules_react-dom_0bruynb._.js:9553:158 @ http://localhost:3000/_next/static/chunks/node_modules_next_dist_0k8zr~w._.js:1945
[    1093ms] [ERROR] Error: You have tried to read "publicKey" on a WalletContext without providing one. Make sure to render a WalletProvider as an ancestor of the component that uses WalletContext.
    at logMissingProviderError (http://localhost:3000/_next/static/chunks/node_modules_0lgf.lz._.js:1621:19)
    at Object.get (http://localhost:3000/_next/static/chunks/node_modules_0lgf.lz._.js:1616:9)
    at usePlaceBet (http://localhost:3000/_next/static/chunks/%5Broot-of-the-server%5D__02xis4s._.js:2202:13)
    at PlaceBetModal (http://localhost:3000/_next/static/chunks/%5Broot-of-the-server%5D__02xis4s._.js:2316:166)
    at Object.react_stack_bottom_frame (http://localhost:3000/_next/static/chunks/node_modules_react-dom_0bruynb._.js:13800:24)
    at renderWithHooks (http://localhost:3000/_next/static/chunks/node_modules_react-dom_0bruynb._.js:4464:24)
    at updateFunctionComponent (http://localhost:3000/_next/static/chunks/node_modules_react-dom_0bruynb._.js:5917:21)
    at beginWork (http://localhost:3000/_next/static/chunks/node_modules_react-dom_0bruynb._.js:6498:24)
    at runWithFiberInDEV (http://localhost:3000/_next/static/chunks/node_modules_react-dom_0bruynb._.js:886:74)
    at performUnitOfWork (http://localhost:3000/_next/static/chunks/node_modules_react-dom_0bruynb._.js:8894:97)
    at workLoopSync (http://localhost:3000/_next/static/chunks/node_modules_react-dom_0bruynb._.js:8788:40)
    at renderRootSync (http://localhost:3000/_next/static/chunks/node_modules_react-dom_0bruynb._.js:8772:13)
    at performWorkOnRoot (http://localhost:3000/_next/static/chunks/node_modules_react-dom_0bruynb._.js:8400:186)
    at performSyncWorkOnRoot (http://localhost:3000/_next/static/chunks/node_modules_react-dom_0bruynb._.js:9542:9)
    at flushSyncWorkAcrossRoots_impl (http://localhost:3000/_next/static/chunks/node_modules_react-dom_0bruynb._.js:9458:316)
    at processRootScheduleInMicrotask (http://localhost:3000/_next/static/chunks/node_modules_react-dom_0bruynb._.js:9479:106)
    at http://localhost:3000/_next/static/chunks/node_modules_react-dom_0bruynb._.js:9553:158 @ http://localhost:3000/_next/static/chunks/node_modules_next_dist_0k8zr~w._.js:1945
[    1093ms] [ERROR] Error: You have tried to read "publicKey" on a WalletContext without providing one. Make sure to render a WalletProvider as an ancestor of the component that uses WalletContext.
    at logMissingProviderError (http://localhost:3000/_next/static/chunks/node_modules_0lgf.lz._.js:1621:19)
    at Object.get (http://localhost:3000/_next/static/chunks/node_modules_0lgf.lz._.js:1616:9)
    at PlaceBetModal (http://localhost:3000/_next/static/chunks/%5Broot-of-the-server%5D__02xis4s._.js:2315:13)
    at Object.react_stack_bottom_frame (http://localhost:3000/_next/static/chunks/node_modules_react-dom_0bruynb._.js:13800:24)
    at renderWithHooksAgain (http://localhost:3000/_next/static/chunks/node_modules_react-dom_0bruynb._.js:4519:24)
    at renderWithHooks (http://localhost:3000/_next/static/chunks/node_modules_react-dom_0bruynb._.js:4470:28)
    at updateFunctionComponent (http://localhost:3000/_next/static/chunks/node_modules_react-dom_0bruynb._.js:5917:21)
    at beginWork (http://localhost:3000/_next/static/chunks/node_modules_react-dom_0bruynb._.js:6498:24)
    at runWithFiberInDEV (http://localhost:3000/_next/static/chunks/node_modules_react-dom_0bruynb._.js:886:74)
    at performUnitOfWork (http://localhost:3000/_next/static/chunks/node_modules_react-dom_0bruynb._.js:8894:97)
    at workLoopSync (http://localhost:3000/_next/static/chunks/node_modules_react-dom_0bruynb._.js:8788:40)
    at renderRootSync (http://localhost:3000/_next/static/chunks/node_modules_react-dom_0bruynb._.js:8772:13)
    at performWorkOnRoot (http://localhost:3000/_next/static/chunks/node_modules_react-dom_0bruynb._.js:8400:186)
    at performSyncWorkOnRoot (http://localhost:3000/_next/static/chunks/node_modules_react-dom_0bruynb._.js:9542:9)
    at flushSyncWorkAcrossRoots_impl (http://localhost:3000/_next/static/chunks/node_modules_react-dom_0bruynb._.js:9458:316)
    at processRootScheduleInMicrotask (http://localhost:3000/_next/static/chunks/node_modules_react-dom_0bruynb._.js:9479:106)
    at http://localhost:3000/_next/static/chunks/node_modules_react-dom_0bruynb._.js:9553:158 @ http://localhost:3000/_next/static/chunks/node_modules_next_dist_0k8zr~w._.js:1945
[    1093ms] [ERROR] Error: You have tried to read "publicKey" on a WalletContext without providing one. Make sure to render a WalletProvider as an ancestor of the component that uses WalletContext.
    at logMissingProviderError (http://localhost:3000/_next/static/chunks/node_modules_0lgf.lz._.js:1621:19)
    at Object.get (http://localhost:3000/_next/static/chunks/node_modules_0lgf.lz._.js:1616:9)
    at usePlaceBet (http://localhost:3000/_next/static/chunks/%5Broot-of-the-server%5D__02xis4s._.js:2202:13)
    at PlaceBetModal (http://localhost:3000/_next/static/chunks/%5Broot-of-the-server%5D__02xis4s._.js:2316:166)
    at Object.react_stack_bottom_frame (http://localhost:3000/_next/static/chunks/node_modules_react-dom_0bruynb._.js:13800:24)
    at renderWithHooksAgain (http://localhost:3000/_next/static/chunks/node_modules_react-dom_0bruynb._.js:4519:24)
    at renderWithHooks (http://localhost:3000/_next/static/chunks/node_modules_react-dom_0bruynb._.js:4470:28)
    at updateFunctionComponent (http://localhost:3000/_next/static/chunks/node_modules_react-dom_0bruynb._.js:5917:21)
    at beginWork (http://localhost:3000/_next/static/chunks/node_modules_react-dom_0bruynb._.js:6498:24)
    at runWithFiberInDEV (http://localhost:3000/_next/static/chunks/node_modules_react-dom_0bruynb._.js:886:74)
    at performUnitOfWork (http://localhost:3000/_next/static/chunks/node_modules_react-dom_0bruynb._.js:8894:97)
    at workLoopSync (http://localhost:3000/_next/static/chunks/node_modules_react-dom_0bruynb._.js:8788:40)
    at renderRootSync (http://localhost:3000/_next/static/chunks/node_modules_react-dom_0bruynb._.js:8772:13)
    at performWorkOnRoot (http://localhost:3000/_next/static/chunks/node_modules_react-dom_0bruynb._.js:8400:186)
    at performSyncWorkOnRoot (http://localhost:3000/_next/static/chunks/node_modules_react-dom_0bruynb._.js:9542:9)
    at flushSyncWorkAcrossRoots_impl (http://localhost:3000/_next/static/chunks/node_modules_react-dom_0bruynb._.js:9458:316)
    at processRootScheduleInMicrotask (http://localhost:3000/_next/static/chunks/node_modules_react-dom_0bruynb._.js:9479:106)
    at http://localhost:3000/_next/static/chunks/node_modules_react-dom_0bruynb._.js:9553:158 @ http://localhost:3000/_next/static/chunks/node_modules_next_dist_0k8zr~w._.js:1945
[    1094ms] [WARNING] Do not add stylesheets using next/head (see <link rel="stylesheet"> tag with href="https://api.fontshare.com/v2/css?f[]=satoshi@900,700,500,400,300&display=swap"). Use Document instead. 
See more info here: https://nextjs.org/docs/messages/no-stylesheets-in-head-component @ http://localhost:3000/_next/static/chunks/node_modules_next_dist_0k8zr~w._.js:1226
[    1096ms] [ERROR] Error: You have tried to read "publicKey" on a WalletContext without providing one. Make sure to render a WalletProvider as an ancestor of the component that uses WalletContext.
    at logMissingProviderError (http://localhost:3000/_next/static/chunks/node_modules_0lgf.lz._.js:1621:19)
    at Object.get (http://localhost:3000/_next/static/chunks/node_modules_0lgf.lz._.js:1616:9)
    at PlaceBetModal (http://localhost:3000/_next/static/chunks/%5Broot-of-the-server%5D__02xis4s._.js:2315:13)
    at Object.react_stack_bottom_frame (http://localhost:3000/_next/static/chunks/node_modules_react-dom_0bruynb._.js:13800:24)
    at renderWithHooks (http://localhost:3000/_next/static/chunks/node_modules_react-dom_0bruynb._.js:4464:24)
    at updateFunctionComponent (http://localhost:3000/_next/static/chunks/node_modules_react-dom_0bruynb._.js:5917:21)
    at beginWork (http://localhost:3000/_next/static/chunks/node_modules_react-dom_0bruynb._.js:6498:24)
    at runWithFiberInDEV (http://localhost:3000/_next/static/chunks/node_modules_react-dom_0bruynb._.js:886:74)
    at performUnitOfWork (http://localhost:3000/_next/static/chunks/node_modules_react-dom_0bruynb._.js:8894:97)
    at workLoopSync (http://localhost:3000/_next/static/chunks/node_modules_react-dom_0bruynb._.js:8788:40)
    at renderRootSync (http://localhost:3000/_next/static/chunks/node_modules_react-dom_0bruynb._.js:8772:13)
    at performWorkOnRoot (http://localhost:3000/_next/static/chunks/node_modules_react-dom_0bruynb._.js:8400:186)
    at performWorkOnRootViaSchedulerTask (http://localhost:3000/_next/static/chunks/node_modules_react-dom_0bruynb._.js:9534:9)
    at MessagePort.performWorkUntilDeadline (http://localhost:3000/_next/static/chunks/node_modules_11l9xip._.js:1335:64) @ http://localhost:3000/_next/static/chunks/node_modules_next_dist_0k8zr~w._.js:1945
[    1096ms] [ERROR] Error: You have tried to read "publicKey" on a WalletContext without providing one. Make sure to render a WalletProvider as an ancestor of the component that uses WalletContext.
    at logMissingProviderError (http://localhost:3000/_next/static/chunks/node_modules_0lgf.lz._.js:1621:19)
    at Object.get (http://localhost:3000/_next/static/chunks/node_modules_0lgf.lz._.js:1616:9)
    at usePlaceBet (http://localhost:3000/_next/static/chunks/%5Broot-of-the-server%5D__02xis4s._.js:2202:13)
    at PlaceBetModal (http://localhost:3000/_next/static/chunks/%5Broot-of-the-server%5D__02xis4s._.js:2316:166)
    at Object.react_stack_bottom_frame (http://localhost:3000/_next/static/chunks/node_modules_react-dom_0bruynb._.js:13800:24)
    at renderWithHooks (http://localhost:3000/_next/static/chunks/node_modules_react-dom_0bruynb._.js:4464:24)
    at updateFunctionComponent (http://localhost:3000/_next/static/chunks/node_modules_react-dom_0bruynb._.js:5917:21)
    at beginWork (http://localhost:3000/_next/static/chunks/node_modules_react-dom_0bruynb._.js:6498:24)
    at runWithFiberInDEV (http://localhost:3000/_next/static/chunks/node_modules_react-dom_0bruynb._.js:886:74)
    at performUnitOfWork (http://localhost:3000/_next/static/chunks/node_modules_react-dom_0bruynb._.js:8894:97)
    at workLoopSync (http://localhost:3000/_next/static/chunks/node_modules_react-dom_0bruynb._.js:8788:40)
    at renderRootSync (http://localhost:3000/_next/static/chunks/node_modules_react-dom_0bruynb._.js:8772:13)
    at performWorkOnRoot (http://localhost:3000/_next/static/chunks/node_modules_react-dom_0bruynb._.js:8400:186)
    at performWorkOnRootViaSchedulerTask (http://localhost:3000/_next/static/chunks/node_modules_react-dom_0bruynb._.js:9534:9)
    at MessagePort.performWorkUntilDeadline (http://localhost:3000/_next/static/chunks/node_modules_11l9xip._.js:1335:64) @ http://localhost:3000/_next/static/chunks/node_modules_next_dist_0k8zr~w._.js:1945
[    1096ms] [ERROR] Error: You have tried to read "publicKey" on a WalletContext without providing one. Make sure to render a WalletProvider as an ancestor of the component that uses WalletContext.
    at logMissingProviderError (http://localhost:3000/_next/static/chunks/node_modules_0lgf.lz._.js:1621:19)
    at Object.get (http://localhost:3000/_next/static/chunks/node_modules_0lgf.lz._.js:1616:9)
    at PlaceBetModal (http://localhost:3000/_next/static/chunks/%5Broot-of-the-server%5D__02xis4s._.js:2315:13)
    at Object.react_stack_bottom_frame (http://localhost:3000/_next/static/chunks/node_modules_react-dom_0bruynb._.js:13800:24)
    at renderWithHooksAgain (http://localhost:3000/_next/static/chunks/node_modules_react-dom_0bruynb._.js:4519:24)
    at renderWithHooks (http://localhost:3000/_next/static/chunks/node_modules_react-dom_0bruynb._.js:4470:28)
    at updateFunctionComponent (http://localhost:3000/_next/static/chunks/node_modules_react-dom_0bruynb._.js:5917:21)
    at beginWork (http://localhost:3000/_next/static/chunks/node_modules_react-dom_0bruynb._.js:6498:24)
    at runWithFiberInDEV (http://localhost:3000/_next/static/chunks/node_modules_react-dom_0bruynb._.js:886:74)
    at performUnitOfWork (http://localhost:3000/_next/static/chunks/node_modules_react-dom_0bruynb._.js:8894:97)
    at workLoopSync (http://localhost:3000/_next/static/chunks/node_modules_react-dom_0bruynb._.js:8788:40)
    at renderRootSync (http://localhost:3000/_next/static/chunks/node_modules_react-dom_0bruynb._.js:8772:13)
    at performWorkOnRoot (http://localhost:3000/_next/static/chunks/node_modules_react-dom_0bruynb._.js:8400:186)
    at performWorkOnRootViaSchedulerTask (http://localhost:3000/_next/static/chunks/node_modules_react-dom_0bruynb._.js:9534:9)
    at MessagePort.performWorkUntilDeadline (http://localhost:3000/_next/static/chunks/node_modules_11l9xip._.js:1335:64) @ http://localhost:3000/_next/static/chunks/node_modules_next_dist_0k8zr~w._.js:1945
[    1097ms] [ERROR] Error: You have tried to read "publicKey" on a WalletContext without providing one. Make sure to render a WalletProvider as an ancestor of the component that uses WalletContext.
    at logMissingProviderError (http://localhost:3000/_next/static/chunks/node_modules_0lgf.lz._.js:1621:19)
    at Object.get (http://localhost:3000/_next/static/chunks/node_modules_0lgf.lz._.js:1616:9)
    at usePlaceBet (http://localhost:3000/_next/static/chunks/%5Broot-of-the-server%5D__02xis4s._.js:2202:13)
    at PlaceBetModal (http://localhost:3000/_next/static/chunks/%5Broot-of-the-server%5D__02xis4s._.js:2316:166)
    at Object.react_stack_bottom_frame (http://localhost:3000/_next/static/chunks/node_modules_react-dom_0bruynb._.js:13800:24)
    at renderWithHooksAgain (http://localhost:3000/_next/static/chunks/node_modules_react-dom_0bruynb._.js:4519:24)
    at renderWithHooks (http://localhost:3000/_next/static/chunks/node_modules_react-dom_0bruynb._.js:4470:28)
    at updateFunctionComponent (http://localhost:3000/_next/static/chunks/node_modules_react-dom_0bruynb._.js:5917:21)
    at beginWork (http://localhost:3000/_next/static/chunks/node_modules_react-dom_0bruynb._.js:6498:24)
    at runWithFiberInDEV (http://localhost:3000/_next/static/chunks/node_modules_react-dom_0bruynb._.js:886:74)
    at performUnitOfWork (http://localhost:3000/_next/static/chunks/node_modules_react-dom_0bruynb._.js:8894:97)
    at workLoopSync (http://localhost:3000/_next/static/chunks/node_modules_react-dom_0bruynb._.js:8788:40)
    at renderRootSync (http://localhost:3000/_next/static/chunks/node_modules_react-dom_0bruynb._.js:8772:13)
    at performWorkOnRoot (http://localhost:3000/_next/static/chunks/node_modules_react-dom_0bruynb._.js:8400:186)
    at performWorkOnRootViaSchedulerTask (http://localhost:3000/_next/static/chunks/node_modules_react-dom_0bruynb._.js:9534:9)
    at MessagePort.performWorkUntilDeadline (http://localhost:3000/_next/static/chunks/node_modules_11l9xip._.js:1335:64) @ http://localhost:3000/_next/static/chunks/node_modules_next_dist_0k8zr~w._.js:1945
[    1364ms] [ERROR] Error: You have tried to read "publicKey" on a WalletContext without providing one. Make sure to render a WalletProvider as an ancestor of the component that uses WalletContext.
    at logMissingProviderError (http://localhost:3000/_next/static/chunks/node_modules_0lgf.lz._.js:1621:19)
    at Object.get (http://localhost:3000/_next/static/chunks/node_modules_0lgf.lz._.js:1616:9)
    at PlaceBetModal (http://localhost:3000/_next/static/chunks/%5Broot-of-the-server%5D__02xis4s._.js:2315:13)
    at Object.react_stack_bottom_frame (http://localhost:3000/_next/static/chunks/node_modules_react-dom_0bruynb._.js:13800:24)
    at renderWithHooks (http://localhost:3000/_next/static/chunks/node_modules_react-dom_0bruynb._.js:4464:24)
    at updateFunctionComponent (http://localhost:3000/_next/static/chunks/node_modules_react-dom_0bruynb._.js:5917:21)
    at beginWork (http://localhost:3000/_next/static/chunks/node_modules_react-dom_0bruynb._.js:6498:24)
    at runWithFiberInDEV (http://localhost:3000/_next/static/chunks/node_modules_react-dom_0bruynb._.js:886:74)
    at performUnitOfWork (http://localhost:3000/_next/static/chunks/node_modules_react-dom_0bruynb._.js:8894:97)
    at workLoopSync (http://localhost:3000/_next/static/chunks/node_modules_react-dom_0bruynb._.js:8788:40)
    at renderRootSync (http://localhost:3000/_next/static/chunks/node_modules_react-dom_0bruynb._.js:8772:13)
    at performWorkOnRoot (http://localhost:3000/_next/static/chunks/node_modules_react-dom_0bruynb._.js:8400:186)
    at performWorkOnRootViaSchedulerTask (http://localhost:3000/_next/static/chunks/node_modules_react-dom_0bruynb._.js:9534:9)
    at MessagePort.performWorkUntilDeadline (http://localhost:3000/_next/static/chunks/node_modules_11l9xip._.js:1335:64) @ http://localhost:3000/_next/static/chunks/node_modules_next_dist_0k8zr~w._.js:1945
[    1364ms] [ERROR] Error: You have tried to read "publicKey" on a WalletContext without providing one. Make sure to render a WalletProvider as an ancestor of the component that uses WalletContext.
    at logMissingProviderError (http://localhost:3000/_next/static/chunks/node_modules_0lgf.lz._.js:1621:19)
    at Object.get (http://localhost:3000/_next/static/chunks/node_modules_0lgf.lz._.js:1616:9)
    at usePlaceBet (http://localhost:3000/_next/static/chunks/%5Broot-of-the-server%5D__02xis4s._.js:2202:13)
    at PlaceBetModal (http://localhost:3000/_next/static/chunks/%5Broot-of-the-server%5D__02xis4s._.js:2316:166)
    at Object.react_stack_bottom_frame (http://localhost:3000/_next/static/chunks/node_modules_react-dom_0bruynb._.js:13800:24)
    at renderWithHooks (http://localhost:3000/_next/static/chunks/node_modules_react-dom_0bruynb._.js:4464:24)
    at updateFunctionComponent (http://localhost:3000/_next/static/chunks/node_modules_react-dom_0bruynb._.js:5917:21)
    at beginWork (http://localhost:3000/_next/static/chunks/node_modules_react-dom_0bruynb._.js:6498:24)
    at runWithFiberInDEV (http://localhost:3000/_next/static/chunks/node_modules_react-dom_0bruynb._.js:886:74)
    at performUnitOfWork (http://localhost:3000/_next/static/chunks/node_modules_react-dom_0bruynb._.js:8894:97)
    at workLoopSync (http://localhost:3000/_next/static/chunks/node_modules_react-dom_0bruynb._.js:8788:40)
    at renderRootSync (http://localhost:3000/_next/static/chunks/node_modules_react-dom_0bruynb._.js:8772:13)
    at performWorkOnRoot (http://localhost:3000/_next/static/chunks/node_modules_react-dom_0bruynb._.js:8400:186)
    at performWorkOnRootViaSchedulerTask (http://localhost:3000/_next/static/chunks/node_modules_react-dom_0bruynb._.js:9534:9)
    at MessagePort.performWorkUntilDeadline (http://localhost:3000/_next/static/chunks/node_modules_11l9xip._.js:1335:64) @ http://localhost:3000/_next/static/chunks/node_modules_next_dist_0k8zr~w._.js:1945
[    1365ms] [ERROR] Error: You have tried to read "publicKey" on a WalletContext without providing one. Make sure to render a WalletProvider as an ancestor of the component that uses WalletContext.
    at logMissingProviderError (http://localhost:3000/_next/static/chunks/node_modules_0lgf.lz._.js:1621:19)
    at Object.get (http://localhost:3000/_next/static/chunks/node_modules_0lgf.lz._.js:1616:9)
    at PlaceBetModal (http://localhost:3000/_next/static/chunks/%5Broot-of-the-server%5D__02xis4s._.js:2315:13)
    at Object.react_stack_bottom_frame (http://localhost:3000/_next/static/chunks/node_modules_react-dom_0bruynb._.js:13800:24)
    at renderWithHooksAgain (http://localhost:3000/_next/static/chunks/node_modules_react-dom_0bruynb._.js:4519:24)
    at renderWithHooks (http://localhost:3000/_next/static/chunks/node_modules_react-dom_0bruynb._.js:4470:28)
    at updateFunctionComponent (http://localhost:3000/_next/static/chunks/node_modules_react-dom_0bruynb._.js:5917:21)
    at beginWork (http://localhost:3000/_next/static/chunks/node_modules_react-dom_0bruynb._.js:6498:24)
    at runWithFiberInDEV (http://localhost:3000/_next/static/chunks/node_modules_react-dom_0bruynb._.js:886:74)
    at performUnitOfWork (http://localhost:3000/_next/static/chunks/node_modules_react-dom_0bruynb._.js:8894:97)
    at workLoopSync (http://localhost:3000/_next/static/chunks/node_modules_react-dom_0bruynb._.js:8788:40)
    at renderRootSync (http://localhost:3000/_next/static/chunks/node_modules_react-dom_0bruynb._.js:8772:13)
    at performWorkOnRoot (http://localhost:3000/_next/static/chunks/node_modules_react-dom_0bruynb._.js:8400:186)
    at performWorkOnRootViaSchedulerTask (http://localhost:3000/_next/static/chunks/node_modules_react-dom_0bruynb._.js:9534:9)
    at MessagePort.performWorkUntilDeadline (http://localhost:3000/_next/static/chunks/node_modules_11l9xip._.js:1335:64) @ http://localhost:3000/_next/static/chunks/node_modules_next_dist_0k8zr~w._.js:1945
[    1365ms] [ERROR] Error: You have tried to read "publicKey" on a WalletContext without providing one. Make sure to render a WalletProvider as an ancestor of the component that uses WalletContext.
    at logMissingProviderError (http://localhost:3000/_next/static/chunks/node_modules_0lgf.lz._.js:1621:19)
    at Object.get (http://localhost:3000/_next/static/chunks/node_modules_0lgf.lz._.js:1616:9)
    at usePlaceBet (http://localhost:3000/_next/static/chunks/%5Broot-of-the-server%5D__02xis4s._.js:2202:13)
    at PlaceBetModal (http://localhost:3000/_next/static/chunks/%5Broot-of-the-server%5D__02xis4s._.js:2316:166)
    at Object.react_stack_bottom_frame (http://localhost:3000/_next/static/chunks/node_modules_react-dom_0bruynb._.js:13800:24)
    at renderWithHooksAgain (http://localhost:3000/_next/static/chunks/node_modules_react-dom_0bruynb._.js:4519:24)
    at renderWithHooks (http://localhost:3000/_next/static/chunks/node_modules_react-dom_0bruynb._.js:4470:28)
    at updateFunctionComponent (http://localhost:3000/_next/static/chunks/node_modules_react-dom_0bruynb._.js:5917:21)
    at beginWork (http://localhost:3000/_next/static/chunks/node_modules_react-dom_0bruynb._.js:6498:24)
    at runWithFiberInDEV (http://localhost:3000/_next/static/chunks/node_modules_react-dom_0bruynb._.js:886:74)
    at performUnitOfWork (http://localhost:3000/_next/static/chunks/node_modules_react-dom_0bruynb._.js:8894:97)
    at workLoopSync (http://localhost:3000/_next/static/chunks/node_modules_react-dom_0bruynb._.js:8788:40)
    at renderRootSync (http://localhost:3000/_next/static/chunks/node_modules_react-dom_0bruynb._.js:8772:13)
    at performWorkOnRoot (http://localhost:3000/_next/static/chunks/node_modules_react-dom_0bruynb._.js:8400:186)
    at performWorkOnRootViaSchedulerTask (http://localhost:3000/_next/static/chunks/node_modules_react-dom_0bruynb._.js:9534:9)
    at MessagePort.performWorkUntilDeadline (http://localhost:3000/_next/static/chunks/node_modules_11l9xip._.js:1335:64) @ http://localhost:3000/_next/static/chunks/node_modules_next_dist_0k8zr~w._.js:1945
[    1443ms] [ERROR] Error: You have tried to read "publicKey" on a WalletContext without providing one. Make sure to render a WalletProvider as an ancestor of the component that uses WalletContext.
    at logMissingProviderError (http://localhost:3000/_next/static/chunks/node_modules_0lgf.lz._.js:1621:19)
    at Object.get (http://localhost:3000/_next/static/chunks/node_modules_0lgf.lz._.js:1616:9)
    at PlaceBetModal (http://localhost:3000/_next/static/chunks/%5Broot-of-the-server%5D__02xis4s._.js:2315:13)
    at Object.react_stack_bottom_frame (http://localhost:3000/_next/static/chunks/node_modules_react-dom_0bruynb._.js:13800:24)
    at renderWithHooks (http://localhost:3000/_next/static/chunks/node_modules_react-dom_0bruynb._.js:4464:24)
    at updateFunctionComponent (http://localhost:3000/_next/static/chunks/node_modules_react-dom_0bruynb._.js:5917:21)
    at beginWork (http://localhost:3000/_next/static/chunks/node_modules_react-dom_0bruynb._.js:6498:24)
    at runWithFiberInDEV (http://localhost:3000/_next/static/chunks/node_modules_react-dom_0bruynb._.js:886:74)
    at performUnitOfWork (http://localhost:3000/_next/static/chunks/node_modules_react-dom_0bruynb._.js:8894:97)
    at workLoopSync (http://localhost:3000/_next/static/chunks/node_modules_react-dom_0bruynb._.js:8788:40)
    at renderRootSync (http://localhost:3000/_next/static/chunks/node_modules_react-dom_0bruynb._.js:8772:13)
    at performWorkOnRoot (http://localhost:3000/_next/static/chunks/node_modules_react-dom_0bruynb._.js:8400:186)
    at performWorkOnRootViaSchedulerTask (http://localhost:3000/_next/static/chunks/node_modules_react-dom_0bruynb._.js:9534:9)
    at MessagePort.performWorkUntilDeadline (http://localhost:3000/_next/static/chunks/node_modules_11l9xip._.js:1335:64) @ http://localhost:3000/_next/static/chunks/node_modules_next_dist_0k8zr~w._.js:1945
[    1443ms] [ERROR] Error: You have tried to read "publicKey" on a WalletContext without providing one. Make sure to render a WalletProvider as an ancestor of the component that uses WalletContext.
    at logMissingProviderError (http://localhost:3000/_next/static/chunks/node_modules_0lgf.lz._.js:1621:19)
    at Object.get (http://localhost:3000/_next/static/chunks/node_modules_0lgf.lz._.js:1616:9)
    at usePlaceBet (http://localhost:3000/_next/static/chunks/%5Broot-of-the-server%5D__02xis4s._.js:2202:13)
    at PlaceBetModal (http://localhost:3000/_next/static/chunks/%5Broot-of-the-server%5D__02xis4s._.js:2316:166)
    at Object.react_stack_bottom_frame (http://localhost:3000/_next/static/chunks/node_modules_react-dom_0bruynb._.js:13800:24)
    at renderWithHooks (http://localhost:3000/_next/static/chunks/node_modules_react-dom_0bruynb._.js:4464:24)
    at updateFunctionComponent (http://localhost:3000/_next/static/chunks/node_modules_react-dom_0bruynb._.js:5917:21)
    at beginWork (http://localhost:3000/_next/static/chunks/node_modules_react-dom_0bruynb._.js:6498:24)
    at runWithFiberInDEV (http://localhost:3000/_next/static/chunks/node_modules_react-dom_0bruynb._.js:886:74)
    at performUnitOfWork (http://localhost:3000/_next/static/chunks/node_modules_react-dom_0bruynb._.js:8894:97)
    at workLoopSync (http://localhost:3000/_next/static/chunks/node_modules_react-dom_0bruynb._.js:8788:40)
    at renderRootSync (http://localhost:3000/_next/static/chunks/node_modules_react-dom_0bruynb._.js:8772:13)
    at performWorkOnRoot (http://localhost:3000/_next/static/chunks/node_modules_react-dom_0bruynb._.js:8400:186)
    at performWorkOnRootViaSchedulerTask (http://localhost:3000/_next/static/chunks/node_modules_react-dom_0bruynb._.js:9534:9)
    at MessagePort.performWorkUntilDeadline (http://localhost:3000/_next/static/chunks/node_modules_11l9xip._.js:1335:64) @ http://localhost:3000/_next/static/chunks/node_modules_next_dist_0k8zr~w._.js:1945
[    1443ms] [ERROR] Error: You have tried to read "publicKey" on a WalletContext without providing one. Make sure to render a WalletProvider as an ancestor of the component that uses WalletContext.
    at logMissingProviderError (http://localhost:3000/_next/static/chunks/node_modules_0lgf.lz._.js:1621:19)
    at Object.get (http://localhost:3000/_next/static/chunks/node_modules_0lgf.lz._.js:1616:9)
    at PlaceBetModal (http://localhost:3000/_next/static/chunks/%5Broot-of-the-server%5D__02xis4s._.js:2315:13)
    at Object.react_stack_bottom_frame (http://localhost:3000/_next/static/chunks/node_modules_react-dom_0bruynb._.js:13800:24)
    at renderWithHooksAgain (http://localhost:3000/_next/static/chunks/node_modules_react-dom_0bruynb._.js:4519:24)
    at renderWithHooks (http://localhost:3000/_next/static/chunks/node_modules_react-dom_0bruynb._.js:4470:28)
    at updateFunctionComponent (http://localhost:3000/_next/static/chunks/node_modules_react-dom_0bruynb._.js:5917:21)
    at beginWork (http://localhost:3000/_next/static/chunks/node_modules_react-dom_0bruynb._.js:6498:24)
    at runWithFiberInDEV (http://localhost:3000/_next/static/chunks/node_modules_react-dom_0bruynb._.js:886:74)
    at performUnitOfWork (http://localhost:3000/_next/static/chunks/node_modules_react-dom_0bruynb._.js:8894:97)
    at workLoopSync (http://localhost:3000/_next/static/chunks/node_modules_react-dom_0bruynb._.js:8788:40)
    at renderRootSync (http://localhost:3000/_next/static/chunks/node_modules_react-dom_0bruynb._.js:8772:13)
    at performWorkOnRoot (http://localhost:3000/_next/static/chunks/node_modules_react-dom_0bruynb._.js:8400:186)
    at performWorkOnRootViaSchedulerTask (http://localhost:3000/_next/static/chunks/node_modules_react-dom_0bruynb._.js:9534:9)
    at MessagePort.performWorkUntilDeadline (http://localhost:3000/_next/static/chunks/node_modules_11l9xip._.js:1335:64) @ http://localhost:3000/_next/static/chunks/node_modules_next_dist_0k8zr~w._.js:1945
[    1443ms] [ERROR] Error: You have tried to read "publicKey" on a WalletContext without providing one. Make sure to render a WalletProvider as an ancestor of the component that uses WalletContext.
    at logMissingProviderError (http://localhost:3000/_next/static/chunks/node_modules_0lgf.lz._.js:1621:19)
    at Object.get (http://localhost:3000/_next/static/chunks/node_modules_0lgf.lz._.js:1616:9)
    at usePlaceBet (http://localhost:3000/_next/static/chunks/%5Broot-of-the-server%5D__02xis4s._.js:2202:13)
    at PlaceBetModal (http://localhost:3000/_next/static/chunks/%5Broot-of-the-server%5D__02xis4s._.js:2316:166)
    at Object.react_stack_bottom_frame (http://localhost:3000/_next/static/chunks/node_modules_react-dom_0bruynb._.js:13800:24)
    at renderWithHooksAgain (http://localhost:3000/_next/static/chunks/node_modules_react-dom_0bruynb._.js:4519:24)
    at renderWithHooks (http://localhost:3000/_next/static/chunks/node_modules_react-dom_0bruynb._.js:4470:28)
    at updateFunctionComponent (http://localhost:3000/_next/static/chunks/node_modules_react-dom_0bruynb._.js:5917:21)
    at beginWork (http://localhost:3000/_next/static/chunks/node_modules_react-dom_0bruynb._.js:6498:24)
    at runWithFiberInDEV (http://localhost:3000/_next/static/chunks/node_modules_react-dom_0bruynb._.js:886:74)
    at performUnitOfWork (http://localhost:3000/_next/static/chunks/node_modules_react-dom_0bruynb._.js:8894:97)
    at workLoopSync (http://localhost:3000/_next/static/chunks/node_modules_react-dom_0bruynb._.js:8788:40)
    at renderRootSync (http://localhost:3000/_next/static/chunks/node_modules_react-dom_0bruynb._.js:8772:13)
    at performWorkOnRoot (http://localhost:3000/_next/static/chunks/node_modules_react-dom_0bruynb._.js:8400:186)
    at performWorkOnRootViaSchedulerTask (http://localhost:3000/_next/static/chunks/node_modules_react-dom_0bruynb._.js:9534:9)
    at MessagePort.performWorkUntilDeadline (http://localhost:3000/_next/static/chunks/node_modules_11l9xip._.js:1335:64) @ http://localhost:3000/_next/static/chunks/node_modules_next_dist_0k8zr~w._.js:1945
