[     180ms] [INFO] %cDownload the React DevTools for a better development experience: https://react.dev/link/react-devtools font-weight:bold @ http://localhost:3000/_next/static/chunks/node_modules_react-dom_0bruynb._.js:15305
[     219ms] [LOG] [HMR] connected @ http://localhost:3000/_next/static/chunks/node_modules_next_dist_0k8zr~w._.js:1226
[     254ms] [WARNING] Do not add stylesheets using next/head (see <link rel="stylesheet"> tag with href="https://api.fontshare.com/v2/css?f[]=satoshi@900,700,500,400,300&display=swap"). Use Document instead. 
See more info here: https://nextjs.org/docs/messages/no-stylesheets-in-head-component @ http://localhost:3000/_next/static/chunks/node_modules_next_dist_0k8zr~w._.js:1226
[    1626ms] [ERROR] Failed to load resource: the server responded with a status of 400 () @ https://solana-devnet.g.alchemy.com/v2/SEem2zNMKSjcqvIsS9gm-_Lw9V5_Ckra:0
[    3898ms] [ERROR] Failed to load resource: the server responded with a status of 400 () @ https://solana-devnet.g.alchemy.com/v2/SEem2zNMKSjcqvIsS9gm-_Lw9V5_Ckra:0
[    7268ms] [ERROR] Failed to load resource: the server responded with a status of 400 () @ https://solana-devnet.g.alchemy.com/v2/SEem2zNMKSjcqvIsS9gm-_Lw9V5_Ckra:0
[   13003ms] [ERROR] Failed to load resource: the server responded with a status of 400 () @ https://solana-devnet.g.alchemy.com/v2/SEem2zNMKSjcqvIsS9gm-_Lw9V5_Ckra:0
[   44276ms] [ERROR] Failed to load resource: the server responded with a status of 400 () @ https://solana-devnet.g.alchemy.com/v2/SEem2zNMKSjcqvIsS9gm-_Lw9V5_Ckra:0
[   46572ms] [ERROR] Failed to load resource: the server responded with a status of 400 () @ https://solana-devnet.g.alchemy.com/v2/SEem2zNMKSjcqvIsS9gm-_Lw9V5_Ckra:0
[   50071ms] [ERROR] Failed to load resource: the server responded with a status of 400 () @ https://solana-devnet.g.alchemy.com/v2/SEem2zNMKSjcqvIsS9gm-_Lw9V5_Ckra:0
[   55299ms] [ERROR] Failed to load resource: the server responded with a status of 400 () @ https://solana-devnet.g.alchemy.com/v2/SEem2zNMKSjcqvIsS9gm-_Lw9V5_Ckra:0
[   86630ms] [ERROR] Failed to load resource: the server responded with a status of 400 () @ https://solana-devnet.g.alchemy.com/v2/SEem2zNMKSjcqvIsS9gm-_Lw9V5_Ckra:0
[   88880ms] [ERROR] Failed to load resource: the server responded with a status of 400 () @ https://solana-devnet.g.alchemy.com/v2/SEem2zNMKSjcqvIsS9gm-_Lw9V5_Ckra:0
[   92160ms] [ERROR] Failed to load resource: the server responded with a status of 400 () @ https://solana-devnet.g.alchemy.com/v2/SEem2zNMKSjcqvIsS9gm-_Lw9V5_Ckra:0
[   97329ms] [ERROR] Failed to load resource: the server responded with a status of 400 () @ https://solana-devnet.g.alchemy.com/v2/SEem2zNMKSjcqvIsS9gm-_Lw9V5_Ckra:0
[  128573ms] [ERROR] Failed to load resource: the server responded with a status of 400 () @ https://solana-devnet.g.alchemy.com/v2/SEem2zNMKSjcqvIsS9gm-_Lw9V5_Ckra:0
[  130865ms] [ERROR] Failed to load resource: the server responded with a status of 400 () @ https://solana-devnet.g.alchemy.com/v2/SEem2zNMKSjcqvIsS9gm-_Lw9V5_Ckra:0
[  134063ms] [ERROR] Failed to load resource: the server responded with a status of 400 () @ https://solana-devnet.g.alchemy.com/v2/SEem2zNMKSjcqvIsS9gm-_Lw9V5_Ckra:0
[  139364ms] [ERROR] Failed to load resource: the server responded with a status of 400 () @ https://solana-devnet.g.alchemy.com/v2/SEem2zNMKSjcqvIsS9gm-_Lw9V5_Ckra:0
[  170583ms] [ERROR] Failed to load resource: the server responded with a status of 400 () @ https://solana-devnet.g.alchemy.com/v2/SEem2zNMKSjcqvIsS9gm-_Lw9V5_Ckra:0
[  172835ms] [ERROR] Failed to load resource: the server responded with a status of 400 () @ https://solana-devnet.g.alchemy.com/v2/SEem2zNMKSjcqvIsS9gm-_Lw9V5_Ckra:0
[  176520ms] [ERROR] Failed to load resource: the server responded with a status of 400 () @ https://solana-devnet.g.alchemy.com/v2/SEem2zNMKSjcqvIsS9gm-_Lw9V5_Ckra:0
[  182011ms] [ERROR] Failed to load resource: the server responded with a status of 400 () @ https://solana-devnet.g.alchemy.com/v2/SEem2zNMKSjcqvIsS9gm-_Lw9V5_Ckra:0
[  213196ms] [ERROR] Failed to load resource: the server responded with a status of 400 () @ https://solana-devnet.g.alchemy.com/v2/SEem2zNMKSjcqvIsS9gm-_Lw9V5_Ckra:0
[  215354ms] [ERROR] Failed to load resource: the server responded with a status of 400 () @ https://solana-devnet.g.alchemy.com/v2/SEem2zNMKSjcqvIsS9gm-_Lw9V5_Ckra:0
[  218726ms] [ERROR] Failed to load resource: the server responded with a status of 400 () @ https://solana-devnet.g.alchemy.com/v2/SEem2zNMKSjcqvIsS9gm-_Lw9V5_Ckra:0
[  223952ms] [ERROR] Failed to load resource: the server responded with a status of 400 () @ https://solana-devnet.g.alchemy.com/v2/SEem2zNMKSjcqvIsS9gm-_Lw9V5_Ckra:0
[  255260ms] [ERROR] Failed to load resource: the server responded with a status of 400 () @ https://solana-devnet.g.alchemy.com/v2/SEem2zNMKSjcqvIsS9gm-_Lw9V5_Ckra:0
[  258048ms] [ERROR] Failed to load resource: the server responded with a status of 400 () @ https://solana-devnet.g.alchemy.com/v2/SEem2zNMKSjcqvIsS9gm-_Lw9V5_Ckra:0
[  261552ms] [ERROR] Failed to load resource: the server responded with a status of 400 () @ https://solana-devnet.g.alchemy.com/v2/SEem2zNMKSjcqvIsS9gm-_Lw9V5_Ckra:0
[  266793ms] [ERROR] Failed to load resource: the server responded with a status of 400 () @ https://solana-devnet.g.alchemy.com/v2/SEem2zNMKSjcqvIsS9gm-_Lw9V5_Ckra:0
[  298091ms] [ERROR] Failed to load resource: the server responded with a status of 400 () @ https://solana-devnet.g.alchemy.com/v2/SEem2zNMKSjcqvIsS9gm-_Lw9V5_Ckra:0
[  300402ms] [ERROR] Failed to load resource: the server responded with a status of 400 () @ https://solana-devnet.g.alchemy.com/v2/SEem2zNMKSjcqvIsS9gm-_Lw9V5_Ckra:0
[  303982ms] [ERROR] Failed to load resource: the server responded with a status of 400 () @ https://solana-devnet.g.alchemy.com/v2/SEem2zNMKSjcqvIsS9gm-_Lw9V5_Ckra:0
[  309152ms] [ERROR] Failed to load resource: the server responded with a status of 400 () @ https://solana-devnet.g.alchemy.com/v2/SEem2zNMKSjcqvIsS9gm-_Lw9V5_Ckra:0
[  340338ms] [ERROR] Failed to load resource: the server responded with a status of 400 () @ https://solana-devnet.g.alchemy.com/v2/SEem2zNMKSjcqvIsS9gm-_Lw9V5_Ckra:0
[  341464ms] [LOG] [Fast Refresh] rebuilding @ http://localhost:3000/_next/static/chunks/node_modules_next_dist_0k8zr~w._.js:1226
[  341546ms] [LOG] [Fast Refresh] done in 30ms @ http://localhost:3000/_next/static/chunks/node_modules_next_dist_0k8zr~w._.js:1226
[  343018ms] [ERROR] Failed to load resource: the server responded with a status of 400 () @ https://solana-devnet.g.alchemy.com/v2/SEem2zNMKSjcqvIsS9gm-_Lw9V5_Ckra:0
[  346317ms] [ERROR] Failed to load resource: the server responded with a status of 400 () @ https://solana-devnet.g.alchemy.com/v2/SEem2zNMKSjcqvIsS9gm-_Lw9V5_Ckra:0
[  351596ms] [ERROR] Failed to load resource: the server responded with a status of 400 () @ https://solana-devnet.g.alchemy.com/v2/SEem2zNMKSjcqvIsS9gm-_Lw9V5_Ckra:0
[  382836ms] [ERROR] Failed to load resource: the server responded with a status of 400 () @ https://solana-devnet.g.alchemy.com/v2/SEem2zNMKSjcqvIsS9gm-_Lw9V5_Ckra:0
[  385230ms] [ERROR] Failed to load resource: the server responded with a status of 400 () @ https://solana-devnet.g.alchemy.com/v2/SEem2zNMKSjcqvIsS9gm-_Lw9V5_Ckra:0
[  388478ms] [ERROR] Failed to load resource: the server responded with a status of 400 () @ https://solana-devnet.g.alchemy.com/v2/SEem2zNMKSjcqvIsS9gm-_Lw9V5_Ckra:0
[  393676ms] [ERROR] Failed to load resource: the server responded with a status of 400 () @ https://solana-devnet.g.alchemy.com/v2/SEem2zNMKSjcqvIsS9gm-_Lw9V5_Ckra:0
[  424937ms] [ERROR] Failed to load resource: the server responded with a status of 400 () @ https://solana-devnet.g.alchemy.com/v2/SEem2zNMKSjcqvIsS9gm-_Lw9V5_Ckra:0
[  427090ms] [ERROR] Failed to load resource: the server responded with a status of 400 () @ https://solana-devnet.g.alchemy.com/v2/SEem2zNMKSjcqvIsS9gm-_Lw9V5_Ckra:0
[  430575ms] [ERROR] Failed to load resource: the server responded with a status of 400 () @ https://solana-devnet.g.alchemy.com/v2/SEem2zNMKSjcqvIsS9gm-_Lw9V5_Ckra:0
[  435788ms] [ERROR] Failed to load resource: the server responded with a status of 400 () @ https://solana-devnet.g.alchemy.com/v2/SEem2zNMKSjcqvIsS9gm-_Lw9V5_Ckra:0
[  467030ms] [ERROR] Failed to load resource: the server responded with a status of 400 () @ https://solana-devnet.g.alchemy.com/v2/SEem2zNMKSjcqvIsS9gm-_Lw9V5_Ckra:0
[  469305ms] [ERROR] Failed to load resource: the server responded with a status of 400 () @ https://solana-devnet.g.alchemy.com/v2/SEem2zNMKSjcqvIsS9gm-_Lw9V5_Ckra:0
[  472578ms] [ERROR] Failed to load resource: the server responded with a status of 400 () @ https://solana-devnet.g.alchemy.com/v2/SEem2zNMKSjcqvIsS9gm-_Lw9V5_Ckra:0
[  477998ms] [ERROR] Failed to load resource: the server responded with a status of 400 () @ https://solana-devnet.g.alchemy.com/v2/SEem2zNMKSjcqvIsS9gm-_Lw9V5_Ckra:0
[  509448ms] [ERROR] Failed to load resource: the server responded with a status of 400 () @ https://solana-devnet.g.alchemy.com/v2/SEem2zNMKSjcqvIsS9gm-_Lw9V5_Ckra:0
[  511798ms] [ERROR] Failed to load resource: the server responded with a status of 400 () @ https://solana-devnet.g.alchemy.com/v2/SEem2zNMKSjcqvIsS9gm-_Lw9V5_Ckra:0
[  515056ms] [ERROR] Failed to load resource: the server responded with a status of 400 () @ https://solana-devnet.g.alchemy.com/v2/SEem2zNMKSjcqvIsS9gm-_Lw9V5_Ckra:0
[  520361ms] [ERROR] Failed to load resource: the server responded with a status of 400 () @ https://solana-devnet.g.alchemy.com/v2/SEem2zNMKSjcqvIsS9gm-_Lw9V5_Ckra:0
[  551637ms] [ERROR] Failed to load resource: the server responded with a status of 400 () @ https://solana-devnet.g.alchemy.com/v2/SEem2zNMKSjcqvIsS9gm-_Lw9V5_Ckra:0
[  553885ms] [ERROR] Failed to load resource: the server responded with a status of 400 () @ https://solana-devnet.g.alchemy.com/v2/SEem2zNMKSjcqvIsS9gm-_Lw9V5_Ckra:0
[  557161ms] [ERROR] Failed to load resource: the server responded with a status of 400 () @ https://solana-devnet.g.alchemy.com/v2/SEem2zNMKSjcqvIsS9gm-_Lw9V5_Ckra:0
[  562384ms] [ERROR] Failed to load resource: the server responded with a status of 400 () @ https://solana-devnet.g.alchemy.com/v2/SEem2zNMKSjcqvIsS9gm-_Lw9V5_Ckra:0
[  594002ms] [ERROR] Failed to load resource: the server responded with a status of 400 () @ https://solana-devnet.g.alchemy.com/v2/SEem2zNMKSjcqvIsS9gm-_Lw9V5_Ckra:0
[  596264ms] [ERROR] Failed to load resource: the server responded with a status of 400 () @ https://solana-devnet.g.alchemy.com/v2/SEem2zNMKSjcqvIsS9gm-_Lw9V5_Ckra:0
[  599558ms] [ERROR] Failed to load resource: the server responded with a status of 400 () @ https://solana-devnet.g.alchemy.com/v2/SEem2zNMKSjcqvIsS9gm-_Lw9V5_Ckra:0
[  604756ms] [ERROR] Failed to load resource: the server responded with a status of 400 () @ https://solana-devnet.g.alchemy.com/v2/SEem2zNMKSjcqvIsS9gm-_Lw9V5_Ckra:0
[  635987ms] [ERROR] Failed to load resource: the server responded with a status of 400 () @ https://solana-devnet.g.alchemy.com/v2/SEem2zNMKSjcqvIsS9gm-_Lw9V5_Ckra:0
[  638267ms] [ERROR] Failed to load resource: the server responded with a status of 400 () @ https://solana-devnet.g.alchemy.com/v2/SEem2zNMKSjcqvIsS9gm-_Lw9V5_Ckra:0
[  641540ms] [ERROR] Failed to load resource: the server responded with a status of 400 () @ https://solana-devnet.g.alchemy.com/v2/SEem2zNMKSjcqvIsS9gm-_Lw9V5_Ckra:0
[  646865ms] [ERROR] Failed to load resource: the server responded with a status of 400 () @ https://solana-devnet.g.alchemy.com/v2/SEem2zNMKSjcqvIsS9gm-_Lw9V5_Ckra:0
[  678098ms] [ERROR] Failed to load resource: the server responded with a status of 400 () @ https://solana-devnet.g.alchemy.com/v2/SEem2zNMKSjcqvIsS9gm-_Lw9V5_Ckra:0
[  680350ms] [ERROR] Failed to load resource: the server responded with a status of 400 () @ https://solana-devnet.g.alchemy.com/v2/SEem2zNMKSjcqvIsS9gm-_Lw9V5_Ckra:0
[  683629ms] [ERROR] Failed to load resource: the server responded with a status of 400 () @ https://solana-devnet.g.alchemy.com/v2/SEem2zNMKSjcqvIsS9gm-_Lw9V5_Ckra:0
[  689054ms] [ERROR] Failed to load resource: the server responded with a status of 400 () @ https://solana-devnet.g.alchemy.com/v2/SEem2zNMKSjcqvIsS9gm-_Lw9V5_Ckra:0
[  720479ms] [ERROR] Failed to load resource: the server responded with a status of 400 () @ https://solana-devnet.g.alchemy.com/v2/SEem2zNMKSjcqvIsS9gm-_Lw9V5_Ckra:0
[  722670ms] [ERROR] Failed to load resource: the server responded with a status of 400 () @ https://solana-devnet.g.alchemy.com/v2/SEem2zNMKSjcqvIsS9gm-_Lw9V5_Ckra:0
[  725830ms] [ERROR] Failed to load resource: the server responded with a status of 400 () @ https://solana-devnet.g.alchemy.com/v2/SEem2zNMKSjcqvIsS9gm-_Lw9V5_Ckra:0
[  731028ms] [ERROR] Failed to load resource: the server responded with a status of 400 () @ https://solana-devnet.g.alchemy.com/v2/SEem2zNMKSjcqvIsS9gm-_Lw9V5_Ckra:0
[  762271ms] [ERROR] Failed to load resource: the server responded with a status of 400 () @ https://solana-devnet.g.alchemy.com/v2/SEem2zNMKSjcqvIsS9gm-_Lw9V5_Ckra:0
[  764728ms] [ERROR] Failed to load resource: the server responded with a status of 400 () @ https://solana-devnet.g.alchemy.com/v2/SEem2zNMKSjcqvIsS9gm-_Lw9V5_Ckra:0
[  768005ms] [ERROR] Failed to load resource: the server responded with a status of 400 () @ https://solana-devnet.g.alchemy.com/v2/SEem2zNMKSjcqvIsS9gm-_Lw9V5_Ckra:0
[  773332ms] [ERROR] Failed to load resource: the server responded with a status of 400 () @ https://solana-devnet.g.alchemy.com/v2/SEem2zNMKSjcqvIsS9gm-_Lw9V5_Ckra:0
[  804647ms] [ERROR] Failed to load resource: the server responded with a status of 400 () @ https://solana-devnet.g.alchemy.com/v2/SEem2zNMKSjcqvIsS9gm-_Lw9V5_Ckra:0
[  807089ms] [ERROR] Failed to load resource: the server responded with a status of 400 () @ https://solana-devnet.g.alchemy.com/v2/SEem2zNMKSjcqvIsS9gm-_Lw9V5_Ckra:0
[  810605ms] [ERROR] Failed to load resource: the server responded with a status of 400 () @ https://solana-devnet.g.alchemy.com/v2/SEem2zNMKSjcqvIsS9gm-_Lw9V5_Ckra:0
[  815826ms] [ERROR] Failed to load resource: the server responded with a status of 400 () @ https://solana-devnet.g.alchemy.com/v2/SEem2zNMKSjcqvIsS9gm-_Lw9V5_Ckra:0
[  847060ms] [ERROR] Failed to load resource: the server responded with a status of 400 () @ https://solana-devnet.g.alchemy.com/v2/SEem2zNMKSjcqvIsS9gm-_Lw9V5_Ckra:0
[  849249ms] [ERROR] Failed to load resource: the server responded with a status of 400 () @ https://solana-devnet.g.alchemy.com/v2/SEem2zNMKSjcqvIsS9gm-_Lw9V5_Ckra:0
[  852421ms] [ERROR] Failed to load resource: the server responded with a status of 400 () @ https://solana-devnet.g.alchemy.com/v2/SEem2zNMKSjcqvIsS9gm-_Lw9V5_Ckra:0
[  857711ms] [ERROR] Failed to load resource: the server responded with a status of 400 () @ https://solana-devnet.g.alchemy.com/v2/SEem2zNMKSjcqvIsS9gm-_Lw9V5_Ckra:0
