[   12228ms] [ERROR] Connecting to 'https://explorer-api.walletconnect.com/v3/wallets?projectId=34357d3c125c2bcf2ce2bc3309d98715' violates the following Content Security Policy directive: "connect-src 'self' blob: https://auth.privy.io https://*.rpc.privy.systems https://api.mainnet-beta.solana.com https://api.devnet.solana.com https://api.testnet.solana.com https://us.i.posthog.com https://app.posthog.com https://internal-j.posthog.com https://us.posthog.com https://*.helius-rpc.com wss://mainnet.helius-rpc.com https://ipapi.co wss://earn-vibe-production.up.railway.app https://verify.walletconnect.com https://verify.walletconnect.org https://res.cloudinary.com https://api.cloudinary.com https://www.google-analytics.com https://privy.earn.superteam.fun". The action has been blocked. @ https://superteam.fun/_next/static/chunks/0cbatiqhgkq00.js?dpl=dpl_Ea36cPiZjW7wRYGtfUwgehK5g5Qv:0
[   12229ms] [ERROR] Fetch API cannot load https://explorer-api.walletconnect.com/v3/wallets?projectId=34357d3c125c2bcf2ce2bc3309d98715. Refused to connect because it violates the document's Content Security Policy. @ https://superteam.fun/_next/static/chunks/0cbatiqhgkq00.js?dpl=dpl_Ea36cPiZjW7wRYGtfUwgehK5g5Qv:0
[   12236ms] [ERROR] TypeError: Failed to fetch
    at https://superteam.fun/_next/static/chunks/0cbatiqhgkq00.js?dpl=dpl_Ea36cPiZjW7wRYGtfUwgehK5g5Qv:1:175343
    at https://superteam.fun/_next/static/chunks/0cbatiqhgkq00.js?dpl=dpl_Ea36cPiZjW7wRYGtfUwgehK5g5Qv:1:175606
    at oJ (https://superteam.fun/_next/static/chunks/0rm.39ep9gixf.js?dpl=dpl_Ea36cPiZjW7wRYGtfUwgehK5g5Qv:1:94993)
    at uk (https://superteam.fun/_next/static/chunks/0rm.39ep9gixf.js?dpl=dpl_Ea36cPiZjW7wRYGtfUwgehK5g5Qv:1:110881)
    at uw (https://superteam.fun/_next/static/chunks/0rm.39ep9gixf.js?dpl=dpl_Ea36cPiZjW7wRYGtfUwgehK5g5Qv:1:110765)
    at uk (https://superteam.fun/_next/static/chunks/0rm.39ep9gixf.js?dpl=dpl_Ea36cPiZjW7wRYGtfUwgehK5g5Qv:1:110926)
    at uw (https://superteam.fun/_next/static/chunks/0rm.39ep9gixf.js?dpl=dpl_Ea36cPiZjW7wRYGtfUwgehK5g5Qv:1:110765)
    at uk (https://superteam.fun/_next/static/chunks/0rm.39ep9gixf.js?dpl=dpl_Ea36cPiZjW7wRYGtfUwgehK5g5Qv:1:110861)
    at uw (https://superteam.fun/_next/static/chunks/0rm.39ep9gixf.js?dpl=dpl_Ea36cPiZjW7wRYGtfUwgehK5g5Qv:1:110765)
    at uk (https://superteam.fun/_next/static/chunks/0rm.39ep9gixf.js?dpl=dpl_Ea36cPiZjW7wRYGtfUwgehK5g5Qv:1:110926) @ https://superteam.fun/_next/static/chunks/0cbatiqhgkq00.js?dpl=dpl_Ea36cPiZjW7wRYGtfUwgehK5g5Qv:0
[   12597ms] [ERROR] Failed to load resource: the server responded with a status of 401 () @ https://superteam.fun/api/user/stats:0
[   12635ms] [ERROR] Failed to load resource: the server responded with a status of 401 () @ https://superteam.fun/api/listings/bookmarks?take=5:0
[   13453ms] [LOG] %cWarning! color:#F16552; font-size:50px; font-weight: bold; -webkit-text-stroke: 1px black; @ https://auth.privy.io/_next/static/chunks/pages/apps/%5Bapp_id%5D/embedded-wallets-2c1a6bf413ce1a02.js?dpl=dpl_HFfu9YiJkUXgwRVsNoRiTsjJNogf:0
[   13453ms] [LOG] %cYou are reading this message because you opened the browser console, a developer tool. Do not enter or paste code you do not understand. Never share your tokens or any other info with anyone. If someone told you to do this, it is very likely a scam. font-size: 18px; @ https://auth.privy.io/_next/static/chunks/pages/apps/%5Bapp_id%5D/embedded-wallets-2c1a6bf413ce1a02.js?dpl=dpl_HFfu9YiJkUXgwRVsNoRiTsjJNogf:0
[   13506ms] [INFO] Banner not shown: beforeinstallpromptevent.preventDefault() called. The page must call beforeinstallpromptevent.prompt() to show the banner. @ https://superteam.fun/earn/:0
[   13786ms] [ERROR] Failed to load resource: the server responded with a status of 401 () @ https://superteam.fun/api/listings/bookmarks?take=5:0
[   14954ms] [ERROR] Failed to load resource: the server responded with a status of 401 () @ https://superteam.fun/api/user/stats:0
[   15959ms] [ERROR] Failed to load resource: the server responded with a status of 401 () @ https://superteam.fun/api/listings/bookmarks?take=5:0
[   17097ms] [ERROR] Failed to load resource: the server responded with a status of 401 () @ https://superteam.fun/api/user/stats:0
