[     194ms] [ERROR] Connecting to 'https://explorer-api.walletconnect.com/v3/wallets?projectId=34357d3c125c2bcf2ce2bc3309d98715' violates the following Content Security Policy directive: "connect-src 'self' blob: https://auth.privy.io https://*.rpc.privy.systems https://api.mainnet-beta.solana.com https://api.devnet.solana.com https://api.testnet.solana.com https://us.i.posthog.com https://app.posthog.com https://internal-j.posthog.com https://us.posthog.com https://*.helius-rpc.com wss://mainnet.helius-rpc.com https://ipapi.co wss://earn-vibe-production.up.railway.app https://verify.walletconnect.com https://verify.walletconnect.org https://res.cloudinary.com https://api.cloudinary.com https://www.google-analytics.com https://privy.earn.superteam.fun". The action has been blocked. @ https://superteam.fun/_next/static/chunks/0cbatiqhgkq00.js?dpl=dpl_Ea36cPiZjW7wRYGtfUwgehK5g5Qv:0
[     195ms] [ERROR] Fetch API cannot load https://explorer-api.walletconnect.com/v3/wallets?projectId=34357d3c125c2bcf2ce2bc3309d98715. Refused to connect because it violates the document's Content Security Policy. @ https://superteam.fun/_next/static/chunks/0cbatiqhgkq00.js?dpl=dpl_Ea36cPiZjW7wRYGtfUwgehK5g5Qv:0
[     205ms] [ERROR] TypeError: Failed to fetch
    at https://superteam.fun/_next/static/chunks/0cbatiqhgkq00.js?dpl=dpl_Ea36cPiZjW7wRYGtfUwgehK5g5Qv:1:175343
    at https://superteam.fun/_next/static/chunks/0cbatiqhgkq00.js?dpl=dpl_Ea36cPiZjW7wRYGtfUwgehK5g5Qv:1:175606
    at oJ (https://superteam.fun/_next/static/chunks/0rm.39ep9gixf.js?dpl=dpl_Ea36cPiZjW7wRYGtfUwgehK5g5Qv:1:94993)
    at uk (https://superteam.fun/_next/static/chunks/0rm.39ep9gixf.js?dpl=dpl_Ea36cPiZjW7wRYGtfUwgehK5g5Qv:1:110881)
    at uw (https://superteam.fun/_next/static/chunks/0rm.39ep9gixf.js?dpl=dpl_Ea36cPiZjW7wRYGtfUwgehK5g5Qv:1:110765)
    at uk (https://superteam.fun/_next/static/chunks/0rm.39ep9gixf.js?dpl=dpl_Ea36cPiZjW7wRYGtfUwgehK5g5Qv:1:110926)
    at uw (https://superteam.fun/_next/static/chunks/0rm.39ep9gixf.js?dpl=dpl_Ea36cPiZjW7wRYGtfUwgehK5g5Qv:1:110765)
    at uk (https://superteam.fun/_next/static/chunks/0rm.39ep9gixf.js?dpl=dpl_Ea36cPiZjW7wRYGtfUwgehK5g5Qv:1:110861)
    at uw (https://superteam.fun/_next/static/chunks/0rm.39ep9gixf.js?dpl=dpl_Ea36cPiZjW7wRYGtfUwgehK5g5Qv:1:110765)
    at uk (https://superteam.fun/_next/static/chunks/0rm.39ep9gixf.js?dpl=dpl_Ea36cPiZjW7wRYGtfUwgehK5g5Qv:1:110926) @ https://superteam.fun/_next/static/chunks/0cbatiqhgkq00.js?dpl=dpl_Ea36cPiZjW7wRYGtfUwgehK5g5Qv:0
[     647ms] [LOG] %cWarning! color:#F16552; font-size:50px; font-weight: bold; -webkit-text-stroke: 1px black; @ https://auth.privy.io/_next/static/chunks/pages/apps/%5Bapp_id%5D/embedded-wallets-2c1a6bf413ce1a02.js?dpl=dpl_HFfu9YiJkUXgwRVsNoRiTsjJNogf:0
[     647ms] [LOG] %cYou are reading this message because you opened the browser console, a developer tool. Do not enter or paste code you do not understand. Never share your tokens or any other info with anyone. If someone told you to do this, it is very likely a scam. font-size: 18px; @ https://auth.privy.io/_next/static/chunks/pages/apps/%5Bapp_id%5D/embedded-wallets-2c1a6bf413ce1a02.js?dpl=dpl_HFfu9YiJkUXgwRVsNoRiTsjJNogf:0
[     676ms] [ERROR] Failed to load resource: the server responded with a status of 401 () @ https://superteam.fun/api/user/stats:0
[    6089ms] [ERROR] `DialogContent` requires a `DialogTitle` for the component to be accessible for screen reader users.

If you want to hide the `DialogTitle`, you can wrap it with our VisuallyHidden component.

For more information, see https://radix-ui.com/primitives/docs/components/dialog @ https://superteam.fun/docs-keep/static/logs.js?v=1.335.5:0
[    6089ms] [WARNING] Warning: Missing `Description` or `aria-describedby={undefined}` for {DialogContent}. @ https://superteam.fun/docs-keep/static/logs.js?v=1.335.5:0
[   20246ms] [ERROR] `DialogContent` requires a `DialogTitle` for the component to be accessible for screen reader users.

If you want to hide the `DialogTitle`, you can wrap it with our VisuallyHidden component.

For more information, see https://radix-ui.com/primitives/docs/components/dialog @ https://superteam.fun/docs-keep/static/logs.js?v=1.335.5:0
[   20246ms] [WARNING] Warning: Missing `Description` or `aria-describedby={undefined}` for {DialogContent}. @ https://superteam.fun/docs-keep/static/logs.js?v=1.335.5:0
[   22247ms] [VERBOSE] [DOM] Password field is not contained in a form: (More info: https://goo.gl/9p2vKq) %o @ https://accounts.google.com/v3/signin/identifier?opparams=%253F&dsh=S1361502582%3A1778568584600845&client_id=397559679638-63vv6orkl0v9rdpl1o84bv6d6ci28mb4.apps.googleusercontent.com&code_challenge=vck1ahegEONjvaRtefIXk5ogcOxpNKPe-kOUq_P1u8Q&code_challenge_method=S256&o2v=2&prompt=select_account&redirect_uri=https%3A%2F%2Fauth.privy.io%2Fapi%2Fv1%2Foauth%2Fcallback&response_type=code&scope=openid+email+profile&service=lso&state=9w1muKLvVF1O8TVYpqzBjGLpgNtK6L9IDsaQinj4mfSVlK5L&flowName=GeneralOAuthFlow&continue=https%3A%2F%2Faccounts.google.com%2Fsignin%2Foauth%2Fconsent%3Fauthuser%3Dunknown%26part%3DAJi8hAN7O6WX_Ec4ZqdLve-ppUG3t9HB5GsH55Nxz08vTThjL47hXd-liuiWQ-NT17-iMSvb7YCYBhb486Jc22VrsIzviz4RIbgai8ZPaDmjPU1YQ7HTLAlI7OyiWibm6er70aQTUmBPIt5ljExnfP0LGBN_xaYOME-KTCAQNx3q_Rh0ijf8yrCfEt2ShKOdEkjHkxkNxqmsu5wG2PYEdWMCZUn2egmlTzopRQXmF7DqB3JMljxqaTOhNCBv8YWkLQccVGMBHCCyUmrTZP9YR-hZJaQ7YLQV8Ub4Vp8sFpB1FxclWl-kTZs0Uo7MlA2xuJz4YrTYTdWlPr2qzlzavSts7HWJ044XRMX7b-9f-8rF401Arsev7tlS4pfFMN36JdJm68sk68D7SDFOnB8oteDBAxJdoQXSX7fvhzE2lk-PnocqlnZ-M72obFPB6ecoe0BA39jon2NeeQSWdvvZyDtJhAQbnzJOVw%26flowName%3DGeneralOAuthFlow%26as%3DS1361502582%253A1778568584600845%26client_id%3D397559679638-63vv6orkl0v9rdpl1o84bv6d6ci28mb4.apps.googleusercontent.com%26requestPath%3D%252Fsignin%252Foauth%252Fconsent%23&app_domain=https%3A%2F%2Fauth.privy.io&rart=ANgoxcd3nDvrf55umkT0Dk_T9ijAjngAK5FPQ92KtUY1Pb8E38cYi8CnFR_v3I-hcX0Iq1KPF_zJ0H2VT6NCg_iDBSjTK83jTXjdPKEW9u7T8PFGk1IwvMQ:0
[   22250ms] [LOG] %c%s color: red; background: yellow; font-size: 24px; WARNING! @ https://www.gstatic.com/_/mss/boq-identity/_/js/k=boq-identity.AccountsSignInUi.en_US.n7L1AKtevvQ.es5.O/am=iW8AAIBQiIKQAcD4_78BAAIgiBp4PQtAE4gMAAAAAAAAAABYAgAAjQ/d=1/excm=_b,_tp,identifierview/ed=1/dg=0/wt=2/ujg=1/rs=AOaEmlG3uiIyt9QD2mDsVU4CeZez8QbTTA/dti=1/m=_b,_tp:541
[   22250ms] [LOG] %c%s font-size: 18px; Using this console may allow attackers to impersonate you and steal your information using an attack called Self-XSS.
Do not enter or paste code that you do not understand. @ https://www.gstatic.com/_/mss/boq-identity/_/js/k=boq-identity.AccountsSignInUi.en_US.n7L1AKtevvQ.es5.O/am=iW8AAIBQiIKQAcD4_78BAAIgiBp4PQtAE4gMAAAAAAAAAABYAgAAjQ/d=1/excm=_b,_tp,identifierview/ed=1/dg=0/wt=2/ujg=1/rs=AOaEmlG3uiIyt9QD2mDsVU4CeZez8QbTTA/dti=1/m=_b,_tp:541
