[      24ms] [ERROR] Failed to load resource: the server responded with a status of 404 (Not Found) @ http://localhost:3000/_next/static/chunks/0reghrjhz~ct2.js:0
[      25ms] [ERROR] Failed to load resource: the server responded with a status of 404 (Not Found) @ http://localhost:3000/_next/static/chunks/turbopack-0tg9abkldkp56.js:0
[      25ms] [ERROR] Failed to load resource: the server responded with a status of 404 (Not Found) @ http://localhost:3000/_next/static/chunks/0~r8trrxgrv05.js:0
[      26ms] [ERROR] Failed to load resource: the server responded with a status of 404 (Not Found) @ http://localhost:3000/_next/static/chunks/turbopack-0xcymcpc9dc2e.js:0
[      26ms] [ERROR] Failed to load resource: the server responded with a status of 404 (Not Found) @ http://localhost:3000/_next/static/4vugK1rkXFrAEyts2Yi7k/_buildManifest.js:0
[      26ms] [ERROR] Failed to load resource: the server responded with a status of 404 (Not Found) @ http://localhost:3000/_next/static/4vugK1rkXFrAEyts2Yi7k/_ssgManifest.js:0
[      26ms] [ERROR] Failed to load resource: the server responded with a status of 404 (Not Found) @ http://localhost:3000/_next/static/4vugK1rkXFrAEyts2Yi7k/_clientMiddlewareManifest.js:0
[    2276ms] [ERROR] Failed to load resource: the server responded with a status of 404 (Not Found) @ http://localhost:3000/_next/static/chunks/0reghrjhz~ct2.js:0
[    2276ms] [ERROR] Failed to load resource: the server responded with a status of 404 (Not Found) @ http://localhost:3000/_next/static/chunks/turbopack-0tg9abkldkp56.js:0
[    2276ms] [ERROR] Failed to load resource: the server responded with a status of 404 (Not Found) @ http://localhost:3000/_next/static/chunks/0~r8trrxgrv05.js:0
[    2277ms] [ERROR] Failed to load resource: the server responded with a status of 404 (Not Found) @ http://localhost:3000/_next/static/chunks/turbopack-0xcymcpc9dc2e.js:0
[    2277ms] [ERROR] Failed to load resource: the server responded with a status of 404 (Not Found) @ http://localhost:3000/_next/static/4vugK1rkXFrAEyts2Yi7k/_buildManifest.js:0
[    2277ms] [ERROR] Failed to load resource: the server responded with a status of 404 (Not Found) @ http://localhost:3000/_next/static/4vugK1rkXFrAEyts2Yi7k/_ssgManifest.js:0
[    2277ms] [ERROR] Failed to load resource: the server responded with a status of 404 (Not Found) @ http://localhost:3000/_next/static/4vugK1rkXFrAEyts2Yi7k/_clientMiddlewareManifest.js:0
[    7874ms] [ERROR] Failed to load resource: the server responded with a status of 404 (Not Found) @ http://localhost:3000/_next/static/chunks/0reghrjhz~ct2.js:0
[    7875ms] [ERROR] Failed to load resource: the server responded with a status of 404 (Not Found) @ http://localhost:3000/_next/static/chunks/turbopack-0tg9abkldkp56.js:0
[    7876ms] [ERROR] Failed to load resource: the server responded with a status of 404 (Not Found) @ http://localhost:3000/_next/static/chunks/0~r8trrxgrv05.js:0
[    7876ms] [ERROR] Failed to load resource: the server responded with a status of 404 (Not Found) @ http://localhost:3000/_next/static/chunks/turbopack-0xcymcpc9dc2e.js:0
[    7876ms] [ERROR] Failed to load resource: the server responded with a status of 404 (Not Found) @ http://localhost:3000/_next/static/4vugK1rkXFrAEyts2Yi7k/_buildManifest.js:0
[    7877ms] [ERROR] Failed to load resource: the server responded with a status of 404 (Not Found) @ http://localhost:3000/_next/static/4vugK1rkXFrAEyts2Yi7k/_ssgManifest.js:0
[    7877ms] [ERROR] Failed to load resource: the server responded with a status of 404 (Not Found) @ http://localhost:3000/_next/static/4vugK1rkXFrAEyts2Yi7k/_clientMiddlewareManifest.js:0
