[      43ms] [INFO] %cDownload the React DevTools for a better development experience: https://react.dev/link/react-devtools font-weight:bold @ http://localhost:3000/_next/static/chunks/node_modules_react-dom_0bruynb._.js:15305
[      49ms] [LOG] [HMR] connected @ http://localhost:3000/_next/static/chunks/node_modules_next_dist_0k8zr~w._.js:1226
[      49ms] [WARNING] [HMR] Invalid message: {"type":"isrManifest","data":{"/":true,"/home":true}}
TypeError: Cannot read properties of undefined (reading 'components')
    at handleStaticIndicator (http://localhost:3000/_next/static/chunks/node_modules_next_dist_client_0pe1dg-._.js:2791:46)
    at processMessage (http://localhost:3000/_next/static/chunks/node_modules_next_dist_client_0pe1dg-._.js:2805:17)
    at http://localhost:3000/_next/static/chunks/node_modules_next_dist_client_0pe1dg-._.js:2679:13
    at WebSocket.handleMessage (http://localhost:3000/_next/static/chunks/node_modules_next_dist_client_0pe1dg-._.js:2324:17) @ http://localhost:3000/_next/static/chunks/node_modules_next_dist_0k8zr~w._.js:1226
[     165ms] [LOG] [Fast Refresh] rebuilding @ http://localhost:3000/_next/static/chunks/node_modules_next_dist_0k8zr~w._.js:1226
[     216ms] [ERROR] Error: You have tried to read "publicKey" on a WalletContext without providing one. Make sure to render a WalletProvider as an ancestor of the component that uses WalletContext.
    at logMissingProviderError (http://localhost:3000/_next/static/chunks/node_modules_11f8h_~._.js:1621:19)
    at Object.get (http://localhost:3000/_next/static/chunks/node_modules_11f8h_~._.js:1616:9)
    at ExplorerHome (http://localhost:3000/_next/static/chunks/%5Broot-of-the-server%5D__13abmsj._.js:2100:13)
    at Object.react_stack_bottom_frame (http://localhost:3000/_next/static/chunks/node_modules_react-dom_0bruynb._.js:13800:24)
    at renderWithHooks (http://localhost:3000/_next/static/chunks/node_modules_react-dom_0bruynb._.js:4464:24)
    at updateFunctionComponent (http://localhost:3000/_next/static/chunks/node_modules_react-dom_0bruynb._.js:5917:21)
    at beginWork (http://localhost:3000/_next/static/chunks/node_modules_react-dom_0bruynb._.js:6498:24)
    at runWithFiberInDEV (http://localhost:3000/_next/static/chunks/node_modules_react-dom_0bruynb._.js:886:74)
    at performUnitOfWork (http://localhost:3000/_next/static/chunks/node_modules_react-dom_0bruynb._.js:8894:97)
    at workLoopConcurrentByScheduler (http://localhost:3000/_next/static/chunks/node_modules_react-dom_0bruynb._.js:8890:58)
    at renderRootConcurrent (http://localhost:3000/_next/static/chunks/node_modules_react-dom_0bruynb._.js:8873:71)
    at performWorkOnRoot (http://localhost:3000/_next/static/chunks/node_modules_react-dom_0bruynb._.js:8400:150)
    at performWorkOnRootViaSchedulerTask (http://localhost:3000/_next/static/chunks/node_modules_react-dom_0bruynb._.js:9534:9)
    at MessagePort.performWorkUntilDeadline (http://localhost:3000/_next/static/chunks/node_modules_11l9xip._.js:1335:64) @ http://localhost:3000/_next/static/chunks/node_modules_next_dist_0k8zr~w._.js:1945
[     218ms] [ERROR] Error: You have tried to read "publicKey" on a WalletContext without providing one. Make sure to render a WalletProvider as an ancestor of the component that uses WalletContext.
    at logMissingProviderError (http://localhost:3000/_next/static/chunks/node_modules_11f8h_~._.js:1621:19)
    at Object.get (http://localhost:3000/_next/static/chunks/node_modules_11f8h_~._.js:1616:9)
    at ExplorerHome (http://localhost:3000/_next/static/chunks/%5Broot-of-the-server%5D__13abmsj._.js:2100:13)
    at Object.react_stack_bottom_frame (http://localhost:3000/_next/static/chunks/node_modules_react-dom_0bruynb._.js:13800:24)
    at renderWithHooksAgain (http://localhost:3000/_next/static/chunks/node_modules_react-dom_0bruynb._.js:4519:24)
    at renderWithHooks (http://localhost:3000/_next/static/chunks/node_modules_react-dom_0bruynb._.js:4470:28)
    at updateFunctionComponent (http://localhost:3000/_next/static/chunks/node_modules_react-dom_0bruynb._.js:5917:21)
    at beginWork (http://localhost:3000/_next/static/chunks/node_modules_react-dom_0bruynb._.js:6498:24)
    at runWithFiberInDEV (http://localhost:3000/_next/static/chunks/node_modules_react-dom_0bruynb._.js:886:74)
    at performUnitOfWork (http://localhost:3000/_next/static/chunks/node_modules_react-dom_0bruynb._.js:8894:97)
    at workLoopConcurrentByScheduler (http://localhost:3000/_next/static/chunks/node_modules_react-dom_0bruynb._.js:8890:58)
    at renderRootConcurrent (http://localhost:3000/_next/static/chunks/node_modules_react-dom_0bruynb._.js:8873:71)
    at performWorkOnRoot (http://localhost:3000/_next/static/chunks/node_modules_react-dom_0bruynb._.js:8400:150)
    at performWorkOnRootViaSchedulerTask (http://localhost:3000/_next/static/chunks/node_modules_react-dom_0bruynb._.js:9534:9)
    at MessagePort.performWorkUntilDeadline (http://localhost:3000/_next/static/chunks/node_modules_11l9xip._.js:1335:64) @ http://localhost:3000/_next/static/chunks/node_modules_next_dist_0k8zr~w._.js:1945
[     220ms] [ERROR] Error: You have tried to read "publicKey" on a WalletContext without providing one. Make sure to render a WalletProvider as an ancestor of the component that uses WalletContext.
    at logMissingProviderError (http://localhost:3000/_next/static/chunks/node_modules_11f8h_~._.js:1621:19)
    at Object.get (http://localhost:3000/_next/static/chunks/node_modules_11f8h_~._.js:1616:9)
    at SolanaConnectWallet (http://localhost:3000/_next/static/chunks/%5Broot-of-the-server%5D__13abmsj._.js:542:13)
    at Object.react_stack_bottom_frame (http://localhost:3000/_next/static/chunks/node_modules_react-dom_0bruynb._.js:13800:24)
    at renderWithHooks (http://localhost:3000/_next/static/chunks/node_modules_react-dom_0bruynb._.js:4464:24)
    at updateFunctionComponent (http://localhost:3000/_next/static/chunks/node_modules_react-dom_0bruynb._.js:5917:21)
    at beginWork (http://localhost:3000/_next/static/chunks/node_modules_react-dom_0bruynb._.js:6498:24)
    at runWithFiberInDEV (http://localhost:3000/_next/static/chunks/node_modules_react-dom_0bruynb._.js:886:74)
    at performUnitOfWork (http://localhost:3000/_next/static/chunks/node_modules_react-dom_0bruynb._.js:8894:97)
    at workLoopConcurrentByScheduler (http://localhost:3000/_next/static/chunks/node_modules_react-dom_0bruynb._.js:8890:58)
    at renderRootConcurrent (http://localhost:3000/_next/static/chunks/node_modules_react-dom_0bruynb._.js:8873:71)
    at performWorkOnRoot (http://localhost:3000/_next/static/chunks/node_modules_react-dom_0bruynb._.js:8400:150)
    at performWorkOnRootViaSchedulerTask (http://localhost:3000/_next/static/chunks/node_modules_react-dom_0bruynb._.js:9534:9)
    at MessagePort.performWorkUntilDeadline (http://localhost:3000/_next/static/chunks/node_modules_11l9xip._.js:1335:64) @ http://localhost:3000/_next/static/chunks/node_modules_next_dist_0k8zr~w._.js:1945
[     220ms] [ERROR] Error: You have tried to read "publicKey" on a WalletContext without providing one. Make sure to render a WalletProvider as an ancestor of the component that uses WalletContext.
    at logMissingProviderError (http://localhost:3000/_next/static/chunks/node_modules_11f8h_~._.js:1621:19)
    at Object.get (http://localhost:3000/_next/static/chunks/node_modules_11f8h_~._.js:1616:9)
    at SolanaConnectWallet (http://localhost:3000/_next/static/chunks/%5Broot-of-the-server%5D__13abmsj._.js:542:13)
    at Object.react_stack_bottom_frame (http://localhost:3000/_next/static/chunks/node_modules_react-dom_0bruynb._.js:13800:24)
    at renderWithHooksAgain (http://localhost:3000/_next/static/chunks/node_modules_react-dom_0bruynb._.js:4519:24)
    at renderWithHooks (http://localhost:3000/_next/static/chunks/node_modules_react-dom_0bruynb._.js:4470:28)
    at updateFunctionComponent (http://localhost:3000/_next/static/chunks/node_modules_react-dom_0bruynb._.js:5917:21)
    at beginWork (http://localhost:3000/_next/static/chunks/node_modules_react-dom_0bruynb._.js:6498:24)
    at runWithFiberInDEV (http://localhost:3000/_next/static/chunks/node_modules_react-dom_0bruynb._.js:886:74)
    at performUnitOfWork (http://localhost:3000/_next/static/chunks/node_modules_react-dom_0bruynb._.js:8894:97)
    at workLoopConcurrentByScheduler (http://localhost:3000/_next/static/chunks/node_modules_react-dom_0bruynb._.js:8890:58)
    at renderRootConcurrent (http://localhost:3000/_next/static/chunks/node_modules_react-dom_0bruynb._.js:8873:71)
    at performWorkOnRoot (http://localhost:3000/_next/static/chunks/node_modules_react-dom_0bruynb._.js:8400:150)
    at performWorkOnRootViaSchedulerTask (http://localhost:3000/_next/static/chunks/node_modules_react-dom_0bruynb._.js:9534:9)
    at MessagePort.performWorkUntilDeadline (http://localhost:3000/_next/static/chunks/node_modules_11l9xip._.js:1335:64) @ http://localhost:3000/_next/static/chunks/node_modules_next_dist_0k8zr~w._.js:1945
[     220ms] [ERROR] Error: You have tried to read "publicKey" on a WalletContext without providing one. Make sure to render a WalletProvider as an ancestor of the component that uses WalletContext.
    at logMissingProviderError (http://localhost:3000/_next/static/chunks/node_modules_11f8h_~._.js:1621:19)
    at Object.get (http://localhost:3000/_next/static/chunks/node_modules_11f8h_~._.js:1616:9)
    at useWalletMultiButton (http://localhost:3000/_next/static/chunks/node_modules_11f8h_~._.js:1642:72)
    at BaseWalletMultiButton (http://localhost:3000/_next/static/chunks/node_modules_11f8h_~._.js:1817:307)
    at Object.react_stack_bottom_frame (http://localhost:3000/_next/static/chunks/node_modules_react-dom_0bruynb._.js:13800:24)
    at renderWithHooks (http://localhost:3000/_next/static/chunks/node_modules_react-dom_0bruynb._.js:4464:24)
    at updateFunctionComponent (http://localhost:3000/_next/static/chunks/node_modules_react-dom_0bruynb._.js:5917:21)
    at beginWork (http://localhost:3000/_next/static/chunks/node_modules_react-dom_0bruynb._.js:6498:24)
    at runWithFiberInDEV (http://localhost:3000/_next/static/chunks/node_modules_react-dom_0bruynb._.js:886:74)
    at performUnitOfWork (http://localhost:3000/_next/static/chunks/node_modules_react-dom_0bruynb._.js:8894:97)
    at workLoopConcurrentByScheduler (http://localhost:3000/_next/static/chunks/node_modules_react-dom_0bruynb._.js:8890:58)
    at renderRootConcurrent (http://localhost:3000/_next/static/chunks/node_modules_react-dom_0bruynb._.js:8873:71)
    at performWorkOnRoot (http://localhost:3000/_next/static/chunks/node_modules_react-dom_0bruynb._.js:8400:150)
    at performWorkOnRootViaSchedulerTask (http://localhost:3000/_next/static/chunks/node_modules_react-dom_0bruynb._.js:9534:9)
    at MessagePort.performWorkUntilDeadline (http://localhost:3000/_next/static/chunks/node_modules_11l9xip._.js:1335:64) @ http://localhost:3000/_next/static/chunks/node_modules_next_dist_0k8zr~w._.js:1945
[     220ms] [ERROR] Error: You have tried to read "wallet" on a WalletContext without providing one. Make sure to render a WalletProvider as an ancestor of the component that uses WalletContext.
    at logMissingProviderError (http://localhost:3000/_next/static/chunks/node_modules_11f8h_~._.js:1621:19)
    at Object.get (http://localhost:3000/_next/static/chunks/node_modules_11f8h_~._.js:1610:9)
    at useWalletMultiButton (http://localhost:3000/_next/static/chunks/node_modules_11f8h_~._.js:1642:91)
    at BaseWalletMultiButton (http://localhost:3000/_next/static/chunks/node_modules_11f8h_~._.js:1817:307)
    at Object.react_stack_bottom_frame (http://localhost:3000/_next/static/chunks/node_modules_react-dom_0bruynb._.js:13800:24)
    at renderWithHooks (http://localhost:3000/_next/static/chunks/node_modules_react-dom_0bruynb._.js:4464:24)
    at updateFunctionComponent (http://localhost:3000/_next/static/chunks/node_modules_react-dom_0bruynb._.js:5917:21)
    at beginWork (http://localhost:3000/_next/static/chunks/node_modules_react-dom_0bruynb._.js:6498:24)
    at runWithFiberInDEV (http://localhost:3000/_next/static/chunks/node_modules_react-dom_0bruynb._.js:886:74)
    at performUnitOfWork (http://localhost:3000/_next/static/chunks/node_modules_react-dom_0bruynb._.js:8894:97)
    at workLoopConcurrentByScheduler (http://localhost:3000/_next/static/chunks/node_modules_react-dom_0bruynb._.js:8890:58)
    at renderRootConcurrent (http://localhost:3000/_next/static/chunks/node_modules_react-dom_0bruynb._.js:8873:71)
    at performWorkOnRoot (http://localhost:3000/_next/static/chunks/node_modules_react-dom_0bruynb._.js:8400:150)
    at performWorkOnRootViaSchedulerTask (http://localhost:3000/_next/static/chunks/node_modules_react-dom_0bruynb._.js:9534:9)
    at MessagePort.performWorkUntilDeadline (http://localhost:3000/_next/static/chunks/node_modules_11l9xip._.js:1335:64) @ http://localhost:3000/_next/static/chunks/node_modules_next_dist_0k8zr~w._.js:1945
[     220ms] [ERROR] Error: You have tried to read "wallets" on a WalletContext without providing one. Make sure to render a WalletProvider as an ancestor of the component that uses WalletContext.
    at logMissingProviderError (http://localhost:3000/_next/static/chunks/node_modules_11f8h_~._.js:1621:19)
    at Object.get (http://localhost:3000/_next/static/chunks/node_modules_11f8h_~._.js:1604:9)
    at useWalletMultiButton (http://localhost:3000/_next/static/chunks/node_modules_11f8h_~._.js:1642:99)
    at BaseWalletMultiButton (http://localhost:3000/_next/static/chunks/node_modules_11f8h_~._.js:1817:307)
    at Object.react_stack_bottom_frame (http://localhost:3000/_next/static/chunks/node_modules_react-dom_0bruynb._.js:13800:24)
    at renderWithHooks (http://localhost:3000/_next/static/chunks/node_modules_react-dom_0bruynb._.js:4464:24)
    at updateFunctionComponent (http://localhost:3000/_next/static/chunks/node_modules_react-dom_0bruynb._.js:5917:21)
    at beginWork (http://localhost:3000/_next/static/chunks/node_modules_react-dom_0bruynb._.js:6498:24)
    at runWithFiberInDEV (http://localhost:3000/_next/static/chunks/node_modules_react-dom_0bruynb._.js:886:74)
    at performUnitOfWork (http://localhost:3000/_next/static/chunks/node_modules_react-dom_0bruynb._.js:8894:97)
    at workLoopConcurrentByScheduler (http://localhost:3000/_next/static/chunks/node_modules_react-dom_0bruynb._.js:8890:58)
    at renderRootConcurrent (http://localhost:3000/_next/static/chunks/node_modules_react-dom_0bruynb._.js:8873:71)
    at performWorkOnRoot (http://localhost:3000/_next/static/chunks/node_modules_react-dom_0bruynb._.js:8400:150)
    at performWorkOnRootViaSchedulerTask (http://localhost:3000/_next/static/chunks/node_modules_react-dom_0bruynb._.js:9534:9)
    at MessagePort.performWorkUntilDeadline (http://localhost:3000/_next/static/chunks/node_modules_11l9xip._.js:1335:64) @ http://localhost:3000/_next/static/chunks/node_modules_next_dist_0k8zr~w._.js:1945
[     220ms] [ERROR] Error: You have tried to read "publicKey" on a WalletContext without providing one. Make sure to render a WalletProvider as an ancestor of the component that uses WalletContext.
    at logMissingProviderError (http://localhost:3000/_next/static/chunks/node_modules_11f8h_~._.js:1621:19)
    at Object.get (http://localhost:3000/_next/static/chunks/node_modules_11f8h_~._.js:1616:9)
    at useWalletMultiButton (http://localhost:3000/_next/static/chunks/node_modules_11f8h_~._.js:1642:72)
    at BaseWalletMultiButton (http://localhost:3000/_next/static/chunks/node_modules_11f8h_~._.js:1817:307)
    at Object.react_stack_bottom_frame (http://localhost:3000/_next/static/chunks/node_modules_react-dom_0bruynb._.js:13800:24)
    at renderWithHooksAgain (http://localhost:3000/_next/static/chunks/node_modules_react-dom_0bruynb._.js:4519:24)
    at renderWithHooks (http://localhost:3000/_next/static/chunks/node_modules_react-dom_0bruynb._.js:4470:28)
    at updateFunctionComponent (http://localhost:3000/_next/static/chunks/node_modules_react-dom_0bruynb._.js:5917:21)
    at beginWork (http://localhost:3000/_next/static/chunks/node_modules_react-dom_0bruynb._.js:6498:24)
    at runWithFiberInDEV (http://localhost:3000/_next/static/chunks/node_modules_react-dom_0bruynb._.js:886:74)
    at performUnitOfWork (http://localhost:3000/_next/static/chunks/node_modules_react-dom_0bruynb._.js:8894:97)
    at workLoopConcurrentByScheduler (http://localhost:3000/_next/static/chunks/node_modules_react-dom_0bruynb._.js:8890:58)
    at renderRootConcurrent (http://localhost:3000/_next/static/chunks/node_modules_react-dom_0bruynb._.js:8873:71)
    at performWorkOnRoot (http://localhost:3000/_next/static/chunks/node_modules_react-dom_0bruynb._.js:8400:150)
    at performWorkOnRootViaSchedulerTask (http://localhost:3000/_next/static/chunks/node_modules_react-dom_0bruynb._.js:9534:9)
    at MessagePort.performWorkUntilDeadline (http://localhost:3000/_next/static/chunks/node_modules_11l9xip._.js:1335:64) @ http://localhost:3000/_next/static/chunks/node_modules_next_dist_0k8zr~w._.js:1945
[     221ms] [ERROR] Error: You have tried to read "wallet" on a WalletContext without providing one. Make sure to render a WalletProvider as an ancestor of the component that uses WalletContext.
    at logMissingProviderError (http://localhost:3000/_next/static/chunks/node_modules_11f8h_~._.js:1621:19)
    at Object.get (http://localhost:3000/_next/static/chunks/node_modules_11f8h_~._.js:1610:9)
    at useWalletMultiButton (http://localhost:3000/_next/static/chunks/node_modules_11f8h_~._.js:1642:91)
    at BaseWalletMultiButton (http://localhost:3000/_next/static/chunks/node_modules_11f8h_~._.js:1817:307)
    at Object.react_stack_bottom_frame (http://localhost:3000/_next/static/chunks/node_modules_react-dom_0bruynb._.js:13800:24)
    at renderWithHooksAgain (http://localhost:3000/_next/static/chunks/node_modules_react-dom_0bruynb._.js:4519:24)
    at renderWithHooks (http://localhost:3000/_next/static/chunks/node_modules_react-dom_0bruynb._.js:4470:28)
    at updateFunctionComponent (http://localhost:3000/_next/static/chunks/node_modules_react-dom_0bruynb._.js:5917:21)
    at beginWork (http://localhost:3000/_next/static/chunks/node_modules_react-dom_0bruynb._.js:6498:24)
    at runWithFiberInDEV (http://localhost:3000/_next/static/chunks/node_modules_react-dom_0bruynb._.js:886:74)
    at performUnitOfWork (http://localhost:3000/_next/static/chunks/node_modules_react-dom_0bruynb._.js:8894:97)
    at workLoopConcurrentByScheduler (http://localhost:3000/_next/static/chunks/node_modules_react-dom_0bruynb._.js:8890:58)
    at renderRootConcurrent (http://localhost:3000/_next/static/chunks/node_modules_react-dom_0bruynb._.js:8873:71)
    at performWorkOnRoot (http://localhost:3000/_next/static/chunks/node_modules_react-dom_0bruynb._.js:8400:150)
    at performWorkOnRootViaSchedulerTask (http://localhost:3000/_next/static/chunks/node_modules_react-dom_0bruynb._.js:9534:9)
    at MessagePort.performWorkUntilDeadline (http://localhost:3000/_next/static/chunks/node_modules_11l9xip._.js:1335:64) @ http://localhost:3000/_next/static/chunks/node_modules_next_dist_0k8zr~w._.js:1945
[     221ms] [ERROR] Error: You have tried to read "wallets" on a WalletContext without providing one. Make sure to render a WalletProvider as an ancestor of the component that uses WalletContext.
    at logMissingProviderError (http://localhost:3000/_next/static/chunks/node_modules_11f8h_~._.js:1621:19)
    at Object.get (http://localhost:3000/_next/static/chunks/node_modules_11f8h_~._.js:1604:9)
    at useWalletMultiButton (http://localhost:3000/_next/static/chunks/node_modules_11f8h_~._.js:1642:99)
    at BaseWalletMultiButton (http://localhost:3000/_next/static/chunks/node_modules_11f8h_~._.js:1817:307)
    at Object.react_stack_bottom_frame (http://localhost:3000/_next/static/chunks/node_modules_react-dom_0bruynb._.js:13800:24)
    at renderWithHooksAgain (http://localhost:3000/_next/static/chunks/node_modules_react-dom_0bruynb._.js:4519:24)
    at renderWithHooks (http://localhost:3000/_next/static/chunks/node_modules_react-dom_0bruynb._.js:4470:28)
    at updateFunctionComponent (http://localhost:3000/_next/static/chunks/node_modules_react-dom_0bruynb._.js:5917:21)
    at beginWork (http://localhost:3000/_next/static/chunks/node_modules_react-dom_0bruynb._.js:6498:24)
    at runWithFiberInDEV (http://localhost:3000/_next/static/chunks/node_modules_react-dom_0bruynb._.js:886:74)
    at performUnitOfWork (http://localhost:3000/_next/static/chunks/node_modules_react-dom_0bruynb._.js:8894:97)
    at workLoopConcurrentByScheduler (http://localhost:3000/_next/static/chunks/node_modules_react-dom_0bruynb._.js:8890:58)
    at renderRootConcurrent (http://localhost:3000/_next/static/chunks/node_modules_react-dom_0bruynb._.js:8873:71)
    at performWorkOnRoot (http://localhost:3000/_next/static/chunks/node_modules_react-dom_0bruynb._.js:8400:150)
    at performWorkOnRootViaSchedulerTask (http://localhost:3000/_next/static/chunks/node_modules_react-dom_0bruynb._.js:9534:9)
    at MessagePort.performWorkUntilDeadline (http://localhost:3000/_next/static/chunks/node_modules_11l9xip._.js:1335:64) @ http://localhost:3000/_next/static/chunks/node_modules_next_dist_0k8zr~w._.js:1945
[     238ms] [WARNING] Do not add stylesheets using next/head (see <link rel="stylesheet"> tag with href="https://api.fontshare.com/v2/css?f[]=satoshi@900,700,500,400,300&display=swap"). Use Document instead. 
See more info here: https://nextjs.org/docs/messages/no-stylesheets-in-head-component @ http://localhost:3000/_next/static/chunks/node_modules_next_dist_0k8zr~w._.js:1226
[     244ms] [LOG] [Fast Refresh] done in 181ms @ http://localhost:3000/_next/static/chunks/node_modules_next_dist_0k8zr~w._.js:1226
[  160455ms] [ERROR] Failed to load resource: the server responded with a status of 404 (Not Found) @ http://localhost:3000/confidential:0
[  160465ms] [INFO] %cDownload the React DevTools for a better development experience: https://react.dev/link/react-devtools font-weight:bold @ http://localhost:3000/_next/static/chunks/node_modules_react-dom_0bruynb._.js:15305
[  160498ms] [LOG] [HMR] connected @ http://localhost:3000/_next/static/chunks/node_modules_next_dist_0k8zr~w._.js:1226
[  165672ms] [ERROR] Failed to load resource: the server responded with a status of 404 (Not Found) @ http://localhost:3000/confidential:0
[  165684ms] [INFO] %cDownload the React DevTools for a better development experience: https://react.dev/link/react-devtools font-weight:bold @ http://localhost:3000/_next/static/chunks/node_modules_react-dom_0bruynb._.js:15305
[  165689ms] [LOG] [HMR] connected @ http://localhost:3000/_next/static/chunks/node_modules_next_dist_0k8zr~w._.js:1226
