[   40787ms] [ERROR] Failed to load resource: the server responded with a status of 500 (Internal Server Error) @ http://localhost:3000/:0
[   40878ms] [INFO] %cDownload the React DevTools for a better development experience: https://react.dev/link/react-devtools font-weight:bold @ http://localhost:3000/_next/static/chunks/node_modules_react-dom_0bruynb._.js:15305
[   40910ms] Error: Could not parse module '[project]/node_modules/next/app.js', file not found
    at module evaluation (http://localhost:3000/_next/static/chunks/12t3_next_app_0jt-zj..js:4:11)
    at http://localhost:3000/_next/static/chunks/turbopack-%5Bproject%5D_pages__app_0d4fj14._.js:1307:27
    at runModuleExecutionHooks (http://localhost:3000/_next/static/chunks/turbopack-%5Bproject%5D_pages__app_0d4fj14._.js:1636:13)
    at instantiateModuleShared (http://localhost:3000/_next/static/chunks/turbopack-%5Bproject%5D_pages__app_0d4fj14._.js:1305:9)
    at instantiateModule (http://localhost:3000/_next/static/chunks/turbopack-%5Bproject%5D_pages__app_0d4fj14._.js:1621:12)
    at getOrInstantiateModuleFromParent (http://localhost:3000/_next/static/chunks/turbopack-%5Bproject%5D_pages__app_0d4fj14._.js:1604:12)
    at DevContext.commonJsRequire [as r] (http://localhost:3000/_next/static/chunks/turbopack-%5Bproject%5D_pages__app_0d4fj14._.js:299:12)
    at http://localhost:3000/_next/static/chunks/%5Bnext%5D_entry_page-loader_ts_0j~flwh._.js:8:38
    at http://localhost:3000/_next/static/chunks/node_modules_next_dist_client_0pe1dg-._.js:694:51
[   40908ms] [LOG] [HMR] connected @ http://localhost:3000/_next/static/chunks/node_modules_next_dist_0k8zr~w._.js:1226
[   74685ms] [LOG] [HMR] connected @ http://localhost:3000/_next/static/chunks/node_modules_next_dist_0k8zr~w._.js:1226
[   76531ms] [ERROR] Failed to load resource: the server responded with a status of 500 (Internal Server Error) @ http://localhost:3000/:0
[   76564ms] [INFO] %cDownload the React DevTools for a better development experience: https://react.dev/link/react-devtools font-weight:bold @ http://localhost:3000/_next/static/chunks/node_modules_react-dom_0bruynb._.js:15305
[   76569ms] Error: Could not parse module '[project]/node_modules/next/app.js', file not found
    at module evaluation (http://localhost:3000/_next/static/chunks/12t3_next_app_0jt-zj..js:4:11)
    at http://localhost:3000/_next/static/chunks/turbopack-%5Bproject%5D_pages__app_0d4fj14._.js:1307:27
    at runModuleExecutionHooks (http://localhost:3000/_next/static/chunks/turbopack-%5Bproject%5D_pages__app_0d4fj14._.js:1636:13)
    at instantiateModuleShared (http://localhost:3000/_next/static/chunks/turbopack-%5Bproject%5D_pages__app_0d4fj14._.js:1305:9)
    at instantiateModule (http://localhost:3000/_next/static/chunks/turbopack-%5Bproject%5D_pages__app_0d4fj14._.js:1621:12)
    at getOrInstantiateModuleFromParent (http://localhost:3000/_next/static/chunks/turbopack-%5Bproject%5D_pages__app_0d4fj14._.js:1604:12)
    at DevContext.commonJsRequire [as r] (http://localhost:3000/_next/static/chunks/turbopack-%5Bproject%5D_pages__app_0d4fj14._.js:299:12)
    at http://localhost:3000/_next/static/chunks/%5Bnext%5D_entry_page-loader_ts_0j~flwh._.js:8:38
    at http://localhost:3000/_next/static/chunks/node_modules_next_dist_client_0pe1dg-._.js:694:51
[   76573ms] [LOG] [HMR] connected @ http://localhost:3000/_next/static/chunks/node_modules_next_dist_0k8zr~w._.js:1226
[  138014ms] [ERROR] Failed to load resource: the server responded with a status of 500 (Internal Server Error) @ http://localhost:3000/:0
[  138028ms] [INFO] %cDownload the React DevTools for a better development experience: https://react.dev/link/react-devtools font-weight:bold @ http://localhost:3000/_next/static/chunks/node_modules_react-dom_0bruynb._.js:15305
[  138035ms] Error: Could not parse module '[project]/node_modules/next/app.js', file not found
    at module evaluation (http://localhost:3000/_next/static/chunks/12t3_next_app_0jt-zj..js:4:11)
    at http://localhost:3000/_next/static/chunks/turbopack-%5Bproject%5D_pages__app_0d4fj14._.js:1307:27
    at runModuleExecutionHooks (http://localhost:3000/_next/static/chunks/turbopack-%5Bproject%5D_pages__app_0d4fj14._.js:1636:13)
    at instantiateModuleShared (http://localhost:3000/_next/static/chunks/turbopack-%5Bproject%5D_pages__app_0d4fj14._.js:1305:9)
    at instantiateModule (http://localhost:3000/_next/static/chunks/turbopack-%5Bproject%5D_pages__app_0d4fj14._.js:1621:12)
    at getOrInstantiateModuleFromParent (http://localhost:3000/_next/static/chunks/turbopack-%5Bproject%5D_pages__app_0d4fj14._.js:1604:12)
    at DevContext.commonJsRequire [as r] (http://localhost:3000/_next/static/chunks/turbopack-%5Bproject%5D_pages__app_0d4fj14._.js:299:12)
    at http://localhost:3000/_next/static/chunks/%5Bnext%5D_entry_page-loader_ts_0j~flwh._.js:8:38
    at http://localhost:3000/_next/static/chunks/node_modules_next_dist_client_0pe1dg-._.js:694:51
[  138034ms] [LOG] [HMR] connected @ http://localhost:3000/_next/static/chunks/node_modules_next_dist_0k8zr~w._.js:1226
[  244227ms] [ERROR] WebSocket connection to 'ws://localhost:3000/_next/webpack-hmr' failed: Error in connection establishment: net::ERR_CONNECTION_REFUSED @ http://localhost:3000/_next/static/chunks/node_modules_next_dist_client_0pe1dg-._.js:2342
[  245231ms] [ERROR] WebSocket connection to 'ws://localhost:3000/_next/webpack-hmr' failed: Error in connection establishment: net::ERR_CONNECTION_REFUSED @ http://localhost:3000/_next/static/chunks/node_modules_next_dist_client_0pe1dg-._.js:2342
[  246234ms] [ERROR] WebSocket connection to 'ws://localhost:3000/_next/webpack-hmr' failed: Error in connection establishment: net::ERR_CONNECTION_REFUSED @ http://localhost:3000/_next/static/chunks/node_modules_next_dist_client_0pe1dg-._.js:2342
[  247237ms] [ERROR] WebSocket connection to 'ws://localhost:3000/_next/webpack-hmr' failed: Error in connection establishment: net::ERR_CONNECTION_REFUSED @ http://localhost:3000/_next/static/chunks/node_modules_next_dist_client_0pe1dg-._.js:2342
[  248240ms] [ERROR] WebSocket connection to 'ws://localhost:3000/_next/webpack-hmr' failed: Error in connection establishment: net::ERR_CONNECTION_REFUSED @ http://localhost:3000/_next/static/chunks/node_modules_next_dist_client_0pe1dg-._.js:2342
[  253243ms] [ERROR] WebSocket connection to 'ws://localhost:3000/_next/webpack-hmr' failed: Error in connection establishment: net::ERR_CONNECTION_REFUSED @ http://localhost:3000/_next/static/chunks/node_modules_next_dist_client_0pe1dg-._.js:2342
[  258246ms] [ERROR] WebSocket connection to 'ws://localhost:3000/_next/webpack-hmr' failed: Error in connection establishment: net::ERR_CONNECTION_REFUSED @ http://localhost:3000/_next/static/chunks/node_modules_next_dist_client_0pe1dg-._.js:2342
[  263248ms] [ERROR] WebSocket connection to 'ws://localhost:3000/_next/webpack-hmr' failed: Error in connection establishment: net::ERR_CONNECTION_REFUSED @ http://localhost:3000/_next/static/chunks/node_modules_next_dist_client_0pe1dg-._.js:2342
[  268251ms] [ERROR] WebSocket connection to 'ws://localhost:3000/_next/webpack-hmr' failed: Error in connection establishment: net::ERR_CONNECTION_REFUSED @ http://localhost:3000/_next/static/chunks/node_modules_next_dist_client_0pe1dg-._.js:2342
[  273254ms] [ERROR] WebSocket connection to 'ws://localhost:3000/_next/webpack-hmr' failed: Error in connection establishment: net::ERR_CONNECTION_REFUSED @ http://localhost:3000/_next/static/chunks/node_modules_next_dist_client_0pe1dg-._.js:2342
[  278256ms] [ERROR] WebSocket connection to 'ws://localhost:3000/_next/webpack-hmr' failed: Error in connection establishment: net::ERR_CONNECTION_REFUSED @ http://localhost:3000/_next/static/chunks/node_modules_next_dist_client_0pe1dg-._.js:2342
[  283258ms] [ERROR] WebSocket connection to 'ws://localhost:3000/_next/webpack-hmr' failed: Error in connection establishment: net::ERR_CONNECTION_REFUSED @ http://localhost:3000/_next/static/chunks/node_modules_next_dist_client_0pe1dg-._.js:2342
