[     585ms] [ERROR] Loading the font 'https://k2mkucxia43oc7fa.public.blob.vercel-storage.com/front/fonts/space-mono/space-mono-v11-latin-regular.woff2' violates the following Content Security Policy directive: "font-src 'self' *.vercel.com *.gstatic.com vercel.live *.vercel.sh". The action has been blocked. @ https://vercel.com/docs/agent-resources/skills:199
[     792ms] [LOG] %c
▲

    ________   _ __ _          ____           __
   /  _/ __/  (_) /( )_____   / __/___ ______/ /_
   / // /_   / / __/// ___/  / /_/ __ `/ ___/ __/
 _/ // __/  / / /_  (__  )  / __/ /_/ (__  ) /_
/___/_/    /_/\__/ /____/  /_/  \__,_/____/\__/
    _ __ _                         _    __                    __
   (_) /( )_____   ____  ____     | |  / /__  _____________  / /
  / / __/// ___/  / __ \/ __ \    | | / / _ \/ ___/ ___/ _ \/ /
 / / /_  (__  )  / /_/ / / / /    | |/ /  __/ /  / /__/  __/ /
/_/\__/ /____/   \____/_/ /_/     |___/\___/_/   \___/\___/_/
  

Hello!

- Open Source https://vercel.com/oss
- Careers https://vercel.com/careers
- Status https://vercel-status.com

 font-family: "Geist Mono", monospace; white-space: pre; line-height: 1; @ https://vercel.com/vc-ap-vercel-docs/_next/static/immutable/chunks/2brz0uc6c6mjb.js:78
[    1342ms] [ERROR] Failed to load resource: the server responded with a status of 403 () @ https://vercel.com/api/jwt:0
[    2475ms] [WARNING] Deprecated API for given entry type. @ https://vercel.com/vc-ap-vercel-docs/_next/static/immutable/chunks/1erm6nz0nj-vp.js:18
[    2560ms] [WARNING] [remote-components:SharedModules]: No webpack require found for bundle "vercel-remote-components" — shared module deduplication skipped. The remote may load its own copy of shared dependencies. @ https://vercel.com/vc-ap-vercel-docs/_next/static/immutable/chunks/1erm6nz0nj-vp.js:16
[    2731ms] [ERROR] Failed to load resource: the server responded with a status of 429 () @ https://o205439.ingest.us.sentry.io/api/4507726617772033/envelope/?sentry_key=fa4620bf2250a67e0f31636787ee5ad5&sentry_version=7&sentry_client=sentry.javascript.browser%2F7.111.0:0
[    7643ms] [WARNING] The resource https://vercel-docs.vercel.sh/vc-ap-0cca3e/_next/static/immutable/chunks/0sghdlyg3fpyp.js was preloaded using link preload but not used within a few seconds from the window's load event. Please make sure it has an appropriate `as` value and it is preloaded intentionally. @ https://vercel.com/docs/agent-resources/skills:0
[    7643ms] [WARNING] The resource https://vercel.com/vc-ap-vercel-docs/_next/static/immutable/chunks/05ukjk40yt31z.css was preloaded using link preload but not used within a few seconds from the window's load event. Please make sure it has an appropriate `as` value and it is preloaded intentionally. @ https://vercel.com/docs/agent-resources/skills:0
[    7643ms] [WARNING] The resource https://vercel.com/vc-ap-0cca3e/_next/static/immutable/chunks/0sghdlyg3fpyp.js was preloaded using link preload but not used within a few seconds from the window's load event. Please make sure it has an appropriate `as` value and it is preloaded intentionally. @ https://vercel.com/docs/agent-resources/skills:0
[    7643ms] [WARNING] The resource https://vercel.com/vc-ap-vercel-docs/_next/static/immutable/chunks/1k1n5o3btrkgy.css was preloaded using link preload but not used within a few seconds from the window's load event. Please make sure it has an appropriate `as` value and it is preloaded intentionally. @ https://vercel.com/docs/agent-resources/skills:0
[   14648ms] [WARNING] The resource https://vercel-docs.vercel.sh/vc-ap-0cca3e/_next/static/immutable/chunks/0sghdlyg3fpyp.js was preloaded using link preload but not used within a few seconds from the window's load event. Please make sure it has an appropriate `as` value and it is preloaded intentionally. @ https://vercel.com/docs/agent-resources/skills:0
[   14648ms] [WARNING] The resource https://vercel.com/vc-ap-vercel-docs/_next/static/immutable/chunks/05ukjk40yt31z.css was preloaded using link preload but not used within a few seconds from the window's load event. Please make sure it has an appropriate `as` value and it is preloaded intentionally. @ https://vercel.com/docs/agent-resources/skills:0
[   14648ms] [WARNING] The resource https://vercel.com/vc-ap-0cca3e/_next/static/immutable/chunks/0sghdlyg3fpyp.js was preloaded using link preload but not used within a few seconds from the window's load event. Please make sure it has an appropriate `as` value and it is preloaded intentionally. @ https://vercel.com/docs/agent-resources/skills:0
[   14648ms] [WARNING] The resource https://vercel.com/vc-ap-vercel-docs/_next/static/immutable/chunks/1k1n5o3btrkgy.css was preloaded using link preload but not used within a few seconds from the window's load event. Please make sure it has an appropriate `as` value and it is preloaded intentionally. @ https://vercel.com/docs/agent-resources/skills:0
[   62391ms] [WARNING] The resource https://vercel-docs.vercel.sh/vc-ap-0cca3e/_next/static/immutable/chunks/0sghdlyg3fpyp.js was preloaded using link preload but not used within a few seconds from the window's load event. Please make sure it has an appropriate `as` value and it is preloaded intentionally. @ https://vercel.com/docs/agent-resources/skills:0
[   62391ms] [WARNING] The resource https://vercel.com/vc-ap-vercel-docs/_next/static/immutable/chunks/05ukjk40yt31z.css was preloaded using link preload but not used within a few seconds from the window's load event. Please make sure it has an appropriate `as` value and it is preloaded intentionally. @ https://vercel.com/docs/agent-resources/skills:0
[   62391ms] [WARNING] The resource https://vercel.com/vc-ap-0cca3e/_next/static/immutable/chunks/0sghdlyg3fpyp.js was preloaded using link preload but not used within a few seconds from the window's load event. Please make sure it has an appropriate `as` value and it is preloaded intentionally. @ https://vercel.com/docs/agent-resources/skills:0
[   62391ms] [WARNING] The resource https://vercel.com/vc-ap-vercel-docs/_next/static/immutable/chunks/1k1n5o3btrkgy.css was preloaded using link preload but not used within a few seconds from the window's load event. Please make sure it has an appropriate `as` value and it is preloaded intentionally. @ https://vercel.com/docs/agent-resources/skills:0
[   73566ms] [WARNING] The resource https://vercel-docs.vercel.sh/vc-ap-0cca3e/_next/static/immutable/chunks/0sghdlyg3fpyp.js was preloaded using link preload but not used within a few seconds from the window's load event. Please make sure it has an appropriate `as` value and it is preloaded intentionally. @ https://vercel.com/docs/agent-resources/skills:0
[   73566ms] [WARNING] The resource https://vercel.com/vc-ap-vercel-docs/_next/static/immutable/chunks/05ukjk40yt31z.css was preloaded using link preload but not used within a few seconds from the window's load event. Please make sure it has an appropriate `as` value and it is preloaded intentionally. @ https://vercel.com/docs/agent-resources/skills:0
[   73566ms] [WARNING] The resource https://vercel.com/vc-ap-0cca3e/_next/static/immutable/chunks/0sghdlyg3fpyp.js was preloaded using link preload but not used within a few seconds from the window's load event. Please make sure it has an appropriate `as` value and it is preloaded intentionally. @ https://vercel.com/docs/agent-resources/skills:0
[   73566ms] [WARNING] The resource https://vercel.com/vc-ap-vercel-docs/_next/static/immutable/chunks/1k1n5o3btrkgy.css was preloaded using link preload but not used within a few seconds from the window's load event. Please make sure it has an appropriate `as` value and it is preloaded intentionally. @ https://vercel.com/docs/agent-resources/skills:0
