[     182ms] [INFO] %cDownload the React DevTools for a better development experience: https://react.dev/link/react-devtools font-weight:bold @ http://localhost:3000/_next/static/chunks/node_modules_react-dom_0bruynb._.js:15305
[     207ms] [LOG] [HMR] connected @ http://localhost:3000/_next/static/chunks/node_modules_next_dist_0k8zr~w._.js:1226
[     247ms] [WARNING] Do not add stylesheets using next/head (see <link rel="stylesheet"> tag with href="https://api.fontshare.com/v2/css?f[]=satoshi@900,700,500,400,300&display=swap"). Use Document instead. 
See more info here: https://nextjs.org/docs/messages/no-stylesheets-in-head-component @ http://localhost:3000/_next/static/chunks/node_modules_next_dist_0k8zr~w._.js:1226
[     498ms] [LOG] [DEBUG S1] PDA: 48Pxc7Mg5xkWsbyEaEjLVdvCgB9KNZAo2ER4rcdJuidB data len: 331 first 8: [219, 190, 213, 55, 0, 227, 198, 154] @ http://localhost:3000/_next/static/chunks/node_modules_next_dist_0k8zr~w._.js:1226
[     498ms] [LOG] [DEBUG decode] data len: 331 full hex: dbbed53700e3c69a0000000000000000000000000000000000000000000000000000000000000001 @ http://localhost:3000/_next/static/chunks/node_modules_next_dist_0k8zr~w._.js:1226
[     499ms] [LOG] [DEBUG decode] decoded: {"market_id":[0,0,0,0,0,0,0,0,0,0,0,0,0,0,0,0,0,0,0,0,0,0,0,0,0,0,0,0,0,0,0,1],"creator":"55ZsKtsjVzS67BUbCF5KQwKsk6LHTvKiNUbeRUeBevdh","question_uri":"Will BTC exceed $100k by end of 2025?","status":0,"min_votes":1,"consensus_bps":7000,"commit_deadline":"6a18a500","reveal_deadline":"6a1a2ba0","tota @ http://localhost:3000/_next/static/chunks/node_modules_next_dist_0k8zr~w._.js:1226
[     499ms] [LOG] [DEBUG S1] decoded market: NULL @ http://localhost:3000/_next/static/chunks/node_modules_next_dist_0k8zr~w._.js:1226
[     747ms] [LOG] [DEBUG S1] PDA: G12WPS4i9UWn7qkgh8VJXPAQGkB7yPF4ub3ewEHPbX3p data len: 331 first 8: [219, 190, 213, 55, 0, 227, 198, 154] @ http://localhost:3000/_next/static/chunks/node_modules_next_dist_0k8zr~w._.js:1226
[     747ms] [LOG] [DEBUG decode] data len: 331 full hex: dbbed53700e3c69a0000000000000000000000000000000000000000000000000000000000000002 @ http://localhost:3000/_next/static/chunks/node_modules_next_dist_0k8zr~w._.js:1226
[     748ms] [LOG] [DEBUG decode] decoded: {"market_id":[0,0,0,0,0,0,0,0,0,0,0,0,0,0,0,0,0,0,0,0,0,0,0,0,0,0,0,0,0,0,0,2],"creator":"55ZsKtsjVzS67BUbCF5KQwKsk6LHTvKiNUbeRUeBevdh","question_uri":"Will Solana DeFi TVL exceed $10B by end of Q3 2025?","status":0,"min_votes":1,"consensus_bps":7000,"commit_deadline":"6a18a500","reveal_deadline":"6 @ http://localhost:3000/_next/static/chunks/node_modules_next_dist_0k8zr~w._.js:1226
[     748ms] [LOG] [DEBUG S1] decoded market: NULL @ http://localhost:3000/_next/static/chunks/node_modules_next_dist_0k8zr~w._.js:1226
[     995ms] [LOG] [DEBUG S1] PDA: 4mcPozgjP9sgDCj4d6CipfE5NeYAKnvMhonmYzsw18db data len: 331 first 8: [219, 190, 213, 55, 0, 227, 198, 154] @ http://localhost:3000/_next/static/chunks/node_modules_next_dist_0k8zr~w._.js:1226
[     996ms] [LOG] [DEBUG decode] data len: 331 full hex: dbbed53700e3c69a0000000000000000000000000000000000000000000000000000000000000003 @ http://localhost:3000/_next/static/chunks/node_modules_next_dist_0k8zr~w._.js:1226
[     996ms] [LOG] [DEBUG decode] decoded: {"market_id":[0,0,0,0,0,0,0,0,0,0,0,0,0,0,0,0,0,0,0,0,0,0,0,0,0,0,0,0,0,0,0,3],"creator":"55ZsKtsjVzS67BUbCF5KQwKsk6LHTvKiNUbeRUeBevdh","question_uri":"Will Ethereum flip Solana by 2026?","status":0,"min_votes":1,"consensus_bps":7000,"commit_deadline":"6a27e740","reveal_deadline":"6a296de0","total_c @ http://localhost:3000/_next/static/chunks/node_modules_next_dist_0k8zr~w._.js:1226
[     996ms] [LOG] [DEBUG S1] decoded market: NULL @ http://localhost:3000/_next/static/chunks/node_modules_next_dist_0k8zr~w._.js:1226
[   31638ms] [LOG] [DEBUG S1] PDA: 48Pxc7Mg5xkWsbyEaEjLVdvCgB9KNZAo2ER4rcdJuidB data len: 331 first 8: [219, 190, 213, 55, 0, 227, 198, 154] @ http://localhost:3000/_next/static/chunks/node_modules_next_dist_0k8zr~w._.js:1226
[   31638ms] [LOG] [DEBUG decode] data len: 331 full hex: dbbed53700e3c69a0000000000000000000000000000000000000000000000000000000000000001 @ http://localhost:3000/_next/static/chunks/node_modules_next_dist_0k8zr~w._.js:1226
[   31638ms] [LOG] [DEBUG decode] decoded: {"market_id":[0,0,0,0,0,0,0,0,0,0,0,0,0,0,0,0,0,0,0,0,0,0,0,0,0,0,0,0,0,0,0,1],"creator":"55ZsKtsjVzS67BUbCF5KQwKsk6LHTvKiNUbeRUeBevdh","question_uri":"Will BTC exceed $100k by end of 2025?","status":0,"min_votes":1,"consensus_bps":7000,"commit_deadline":"6a18a500","reveal_deadline":"6a1a2ba0","tota @ http://localhost:3000/_next/static/chunks/node_modules_next_dist_0k8zr~w._.js:1226
[   31639ms] [LOG] [DEBUG S1] decoded market: NULL @ http://localhost:3000/_next/static/chunks/node_modules_next_dist_0k8zr~w._.js:1226
[   31933ms] [LOG] [DEBUG S1] PDA: G12WPS4i9UWn7qkgh8VJXPAQGkB7yPF4ub3ewEHPbX3p data len: 331 first 8: [219, 190, 213, 55, 0, 227, 198, 154] @ http://localhost:3000/_next/static/chunks/node_modules_next_dist_0k8zr~w._.js:1226
[   31933ms] [LOG] [DEBUG decode] data len: 331 full hex: dbbed53700e3c69a0000000000000000000000000000000000000000000000000000000000000002 @ http://localhost:3000/_next/static/chunks/node_modules_next_dist_0k8zr~w._.js:1226
[   31933ms] [LOG] [DEBUG decode] decoded: {"market_id":[0,0,0,0,0,0,0,0,0,0,0,0,0,0,0,0,0,0,0,0,0,0,0,0,0,0,0,0,0,0,0,2],"creator":"55ZsKtsjVzS67BUbCF5KQwKsk6LHTvKiNUbeRUeBevdh","question_uri":"Will Solana DeFi TVL exceed $10B by end of Q3 2025?","status":0,"min_votes":1,"consensus_bps":7000,"commit_deadline":"6a18a500","reveal_deadline":"6 @ http://localhost:3000/_next/static/chunks/node_modules_next_dist_0k8zr~w._.js:1226
[   31933ms] [LOG] [DEBUG S1] decoded market: NULL @ http://localhost:3000/_next/static/chunks/node_modules_next_dist_0k8zr~w._.js:1226
[   32201ms] [LOG] [DEBUG S1] PDA: 4mcPozgjP9sgDCj4d6CipfE5NeYAKnvMhonmYzsw18db data len: 331 first 8: [219, 190, 213, 55, 0, 227, 198, 154] @ http://localhost:3000/_next/static/chunks/node_modules_next_dist_0k8zr~w._.js:1226
[   32201ms] [LOG] [DEBUG decode] data len: 331 full hex: dbbed53700e3c69a0000000000000000000000000000000000000000000000000000000000000003 @ http://localhost:3000/_next/static/chunks/node_modules_next_dist_0k8zr~w._.js:1226
[   32202ms] [LOG] [DEBUG decode] decoded: {"market_id":[0,0,0,0,0,0,0,0,0,0,0,0,0,0,0,0,0,0,0,0,0,0,0,0,0,0,0,0,0,0,0,3],"creator":"55ZsKtsjVzS67BUbCF5KQwKsk6LHTvKiNUbeRUeBevdh","question_uri":"Will Ethereum flip Solana by 2026?","status":0,"min_votes":1,"consensus_bps":7000,"commit_deadline":"6a27e740","reveal_deadline":"6a296de0","total_c @ http://localhost:3000/_next/static/chunks/node_modules_next_dist_0k8zr~w._.js:1226
[   32202ms] [LOG] [DEBUG S1] decoded market: NULL @ http://localhost:3000/_next/static/chunks/node_modules_next_dist_0k8zr~w._.js:1226
[   62724ms] [LOG] [DEBUG S1] PDA: 48Pxc7Mg5xkWsbyEaEjLVdvCgB9KNZAo2ER4rcdJuidB data len: 331 first 8: [219, 190, 213, 55, 0, 227, 198, 154] @ http://localhost:3000/_next/static/chunks/node_modules_next_dist_0k8zr~w._.js:1226
[   62725ms] [LOG] [DEBUG decode] data len: 331 full hex: dbbed53700e3c69a0000000000000000000000000000000000000000000000000000000000000001 @ http://localhost:3000/_next/static/chunks/node_modules_next_dist_0k8zr~w._.js:1226
[   62725ms] [LOG] [DEBUG decode] decoded: {"market_id":[0,0,0,0,0,0,0,0,0,0,0,0,0,0,0,0,0,0,0,0,0,0,0,0,0,0,0,0,0,0,0,1],"creator":"55ZsKtsjVzS67BUbCF5KQwKsk6LHTvKiNUbeRUeBevdh","question_uri":"Will BTC exceed $100k by end of 2025?","status":0,"min_votes":1,"consensus_bps":7000,"commit_deadline":"6a18a500","reveal_deadline":"6a1a2ba0","tota @ http://localhost:3000/_next/static/chunks/node_modules_next_dist_0k8zr~w._.js:1226
[   62725ms] [LOG] [DEBUG S1] decoded market: NULL @ http://localhost:3000/_next/static/chunks/node_modules_next_dist_0k8zr~w._.js:1226
[   63006ms] [LOG] [DEBUG S1] PDA: G12WPS4i9UWn7qkgh8VJXPAQGkB7yPF4ub3ewEHPbX3p data len: 331 first 8: [219, 190, 213, 55, 0, 227, 198, 154] @ http://localhost:3000/_next/static/chunks/node_modules_next_dist_0k8zr~w._.js:1226
[   63007ms] [LOG] [DEBUG decode] data len: 331 full hex: dbbed53700e3c69a0000000000000000000000000000000000000000000000000000000000000002 @ http://localhost:3000/_next/static/chunks/node_modules_next_dist_0k8zr~w._.js:1226
[   63007ms] [LOG] [DEBUG decode] decoded: {"market_id":[0,0,0,0,0,0,0,0,0,0,0,0,0,0,0,0,0,0,0,0,0,0,0,0,0,0,0,0,0,0,0,2],"creator":"55ZsKtsjVzS67BUbCF5KQwKsk6LHTvKiNUbeRUeBevdh","question_uri":"Will Solana DeFi TVL exceed $10B by end of Q3 2025?","status":0,"min_votes":1,"consensus_bps":7000,"commit_deadline":"6a18a500","reveal_deadline":"6 @ http://localhost:3000/_next/static/chunks/node_modules_next_dist_0k8zr~w._.js:1226
[   63007ms] [LOG] [DEBUG S1] decoded market: NULL @ http://localhost:3000/_next/static/chunks/node_modules_next_dist_0k8zr~w._.js:1226
[   63306ms] [LOG] [DEBUG S1] PDA: 4mcPozgjP9sgDCj4d6CipfE5NeYAKnvMhonmYzsw18db data len: 331 first 8: [219, 190, 213, 55, 0, 227, 198, 154] @ http://localhost:3000/_next/static/chunks/node_modules_next_dist_0k8zr~w._.js:1226
[   63307ms] [LOG] [DEBUG decode] data len: 331 full hex: dbbed53700e3c69a0000000000000000000000000000000000000000000000000000000000000003 @ http://localhost:3000/_next/static/chunks/node_modules_next_dist_0k8zr~w._.js:1226
[   63307ms] [LOG] [DEBUG decode] decoded: {"market_id":[0,0,0,0,0,0,0,0,0,0,0,0,0,0,0,0,0,0,0,0,0,0,0,0,0,0,0,0,0,0,0,3],"creator":"55ZsKtsjVzS67BUbCF5KQwKsk6LHTvKiNUbeRUeBevdh","question_uri":"Will Ethereum flip Solana by 2026?","status":0,"min_votes":1,"consensus_bps":7000,"commit_deadline":"6a27e740","reveal_deadline":"6a296de0","total_c @ http://localhost:3000/_next/static/chunks/node_modules_next_dist_0k8zr~w._.js:1226
[   63307ms] [LOG] [DEBUG S1] decoded market: NULL @ http://localhost:3000/_next/static/chunks/node_modules_next_dist_0k8zr~w._.js:1226
[   90752ms] [LOG] [Fast Refresh] rebuilding @ http://localhost:3000/_next/static/chunks/node_modules_next_dist_0k8zr~w._.js:1226
[   90889ms] [LOG] [Fast Refresh] done in 30ms @ http://localhost:3000/_next/static/chunks/node_modules_next_dist_0k8zr~w._.js:1226
[   99111ms] [LOG] [Fast Refresh] rebuilding @ http://localhost:3000/_next/static/chunks/node_modules_next_dist_0k8zr~w._.js:1226
[   99244ms] [LOG] [Fast Refresh] done in 18ms @ http://localhost:3000/_next/static/chunks/node_modules_next_dist_0k8zr~w._.js:1226
[   99488ms] [LOG] [DEBUG S1] PDA: 48Pxc7Mg5xkWsbyEaEjLVdvCgB9KNZAo2ER4rcdJuidB data len: 331 first 8: [219, 190, 213, 55, 0, 227, 198, 154] @ http://localhost:3000/_next/static/chunks/node_modules_next_dist_0k8zr~w._.js:1226
[   99489ms] [LOG] [DEBUG S1] decoded market: SUCCESS @ http://localhost:3000/_next/static/chunks/node_modules_next_dist_0k8zr~w._.js:1226
[   99763ms] [LOG] [DEBUG S1] PDA: G12WPS4i9UWn7qkgh8VJXPAQGkB7yPF4ub3ewEHPbX3p data len: 331 first 8: [219, 190, 213, 55, 0, 227, 198, 154] @ http://localhost:3000/_next/static/chunks/node_modules_next_dist_0k8zr~w._.js:1226
[   99763ms] [LOG] [DEBUG S1] decoded market: SUCCESS @ http://localhost:3000/_next/static/chunks/node_modules_next_dist_0k8zr~w._.js:1226
[  100010ms] [LOG] [DEBUG S1] PDA: 4mcPozgjP9sgDCj4d6CipfE5NeYAKnvMhonmYzsw18db data len: 331 first 8: [219, 190, 213, 55, 0, 227, 198, 154] @ http://localhost:3000/_next/static/chunks/node_modules_next_dist_0k8zr~w._.js:1226
[  100011ms] [LOG] [DEBUG S1] decoded market: SUCCESS @ http://localhost:3000/_next/static/chunks/node_modules_next_dist_0k8zr~w._.js:1226
[  107603ms] [LOG] [Fast Refresh] rebuilding @ http://localhost:3000/_next/static/chunks/node_modules_next_dist_0k8zr~w._.js:1226
[  107662ms] [LOG] [Fast Refresh] done in 14ms @ http://localhost:3000/_next/static/chunks/node_modules_next_dist_0k8zr~w._.js:1226
[  107866ms] [LOG] [DEBUG S1] Error: market is not defined @ http://localhost:3000/_next/static/chunks/node_modules_next_dist_0k8zr~w._.js:1226
[  108110ms] [LOG] [DEBUG S1] Error: market is not defined @ http://localhost:3000/_next/static/chunks/node_modules_next_dist_0k8zr~w._.js:1226
[  108357ms] [LOG] [DEBUG S1] Error: market is not defined @ http://localhost:3000/_next/static/chunks/node_modules_next_dist_0k8zr~w._.js:1226
[  115451ms] [LOG] [Fast Refresh] rebuilding @ http://localhost:3000/_next/static/chunks/node_modules_next_dist_0k8zr~w._.js:1226
[  115508ms] [LOG] [Fast Refresh] done in 13ms @ http://localhost:3000/_next/static/chunks/node_modules_next_dist_0k8zr~w._.js:1226
