[     652ms] Uncaught Error: Minified React error #418; visit https://react.dev/errors/418?args[]=text&args[]= for the full message or use the non-minified dev environment for full errors and additional helpful warnings.
    at c (https://assets.careerviet.vn/careerviet/_next/static/chunks/31684-a58ae0ea6cb11910.js:0:150210)
    at i (https://assets.careerviet.vn/careerviet/_next/static/chunks/31684-a58ae0ea6cb11910.js:0:11130)
    at ib (https://assets.careerviet.vn/careerviet/_next/static/chunks/4bd1b696-29d128acb393c99a.js:0:125864)
    at ig (https://assets.careerviet.vn/careerviet/_next/static/chunks/4bd1b696-29d128acb393c99a.js:0:123768)
    at u9 (https://assets.careerviet.vn/careerviet/_next/static/chunks/4bd1b696-29d128acb393c99a.js:0:110516)
    at u5 (https://assets.careerviet.vn/careerviet/_next/static/chunks/4bd1b696-29d128acb393c99a.js:0:109869)
    at iH (https://assets.careerviet.vn/careerviet/_next/static/chunks/4bd1b696-29d128acb393c99a.js:0:129983)
    at w (https://assets.careerviet.vn/careerviet/_next/static/chunks/31684-a58ae0ea6cb11910.js:0:55003)
[    1010ms] [LOG] not integration @ :22
[    1639ms] [INFO] Smartech Initiated @ https://osjs.netcoresmartech.com/v1/js-versioning?clientkey=ADGMOT35CHFLVDHBJNIG50K96BT3VC7KA7MBJ665I14C320R3PRG&siteid=9892570aeb38c4b313b9f0a76aa8f986&rc=s&tk1=20241129111433&tk2=20240929032453:1
[    2573ms] [WARNING] [GSI_LOGGER]: Your client application uses one of the Google One Tap prompt UI status methods that may stop functioning when FedCM becomes mandatory. Refer to the migration guide to update your code accordingly and opt-in to FedCM to test your changes. Learn more: https://developers.google.com/identity/gsi/web/guides/fedcm-migration?s=dc#display_moment and https://developers.google.com/identity/gsi/web/guides/fedcm-migration?s=dc#skipped_moment @ https://accounts.google.com/gsi/client:84
[    2574ms] [ERROR] Not signed in with the identity provider. @ https://careerviet.vn/vi/tim-viec-lam/nhan-vien-ban-hang-kenh-sieu-thi-sales-rep.35C6D685.html:0
[    2648ms] [LOG] Zalo Social Plugin is loaded successfully @ https://sp.zalo.me/plugins/sdk.js:1
[    2648ms] [LOG] socialPluginsShare:  [div.zalo-share-button, div.zalo-share-button] @ https://sp.zalo.me/plugins/sdk.js:1
[    3653ms] Uncaught TypeError: Converting circular structure to JSON
    --> starting at object with constructor 'HTMLDivElement'
    |     property '__reactFiber$h4h01hf0i2e' -> object with constructor 't7'
    --- property 'stateNode' closes the circle
    at t.exports (https://sp.zalo.me/plugins/sdk.js:1:36145)
    at value (https://sp.zalo.me/plugins/sdk.js:1:31712)
    at <anonymous> (https://sp.zalo.me/plugins/sdk.js:1:11630)
[    4654ms] Uncaught TypeError: Converting circular structure to JSON
    --> starting at object with constructor 'HTMLDivElement'
    |     property '__reactFiber$h4h01hf0i2e' -> object with constructor 't7'
    --- property 'stateNode' closes the circle
    at t.exports (https://sp.zalo.me/plugins/sdk.js:1:36145)
    at value (https://sp.zalo.me/plugins/sdk.js:1:31712)
    at <anonymous> (https://sp.zalo.me/plugins/sdk.js:1:11630)
[    4987ms] [ERROR] [GSI_LOGGER]: FedCM get() rejects with NetworkError: Error retrieving a token. @ https://assets.careerviet.vn/careerviet/_next/static/chunks/31684-a58ae0ea6cb11910.js:0
[    4987ms] [LOG] Google One Tap prompt not displayed: undefined @ https://assets.careerviet.vn/careerviet/_next/static/chunks/94668.145e475327a204f7.js:0
[    5652ms] Uncaught TypeError: Converting circular structure to JSON
    --> starting at object with constructor 'HTMLDivElement'
    |     property '__reactFiber$h4h01hf0i2e' -> object with constructor 't7'
    --- property 'stateNode' closes the circle
    at t.exports (https://sp.zalo.me/plugins/sdk.js:1:36145)
    at value (https://sp.zalo.me/plugins/sdk.js:1:31712)
    at <anonymous> (https://sp.zalo.me/plugins/sdk.js:1:11630)
[    6653ms] Uncaught TypeError: Converting circular structure to JSON
    --> starting at object with constructor 'HTMLDivElement'
    |     property '__reactFiber$h4h01hf0i2e' -> object with constructor 't7'
    --- property 'stateNode' closes the circle
    at t.exports (https://sp.zalo.me/plugins/sdk.js:1:36145)
    at value (https://sp.zalo.me/plugins/sdk.js:1:31712)
    at <anonymous> (https://sp.zalo.me/plugins/sdk.js:1:11630)
[    7653ms] Uncaught TypeError: Converting circular structure to JSON
    --> starting at object with constructor 'HTMLDivElement'
    |     property '__reactFiber$h4h01hf0i2e' -> object with constructor 't7'
    --- property 'stateNode' closes the circle
    at t.exports (https://sp.zalo.me/plugins/sdk.js:1:36145)
    at value (https://sp.zalo.me/plugins/sdk.js:1:31712)
    at <anonymous> (https://sp.zalo.me/plugins/sdk.js:1:11630)
[    9255ms] [WARNING] The resource https://assets.careerviet.vn/careerviet/_next/static/css/82ea7df4fc6ce900.css was preloaded using link preload but not used within a few seconds from the window's load event. Please make sure it has an appropriate `as` value and it is preloaded intentionally. @ https://careerviet.vn/vi/tim-viec-lam/nhan-vien-ban-hang-kenh-sieu-thi-sales-rep.35C6D685.html:0
[    9255ms] [WARNING] The resource https://assets.careerviet.vn/careerviet/_next/static/css/6399880d0293c91c.css was preloaded using link preload but not used within a few seconds from the window's load event. Please make sure it has an appropriate `as` value and it is preloaded intentionally. @ https://careerviet.vn/vi/tim-viec-lam/nhan-vien-ban-hang-kenh-sieu-thi-sales-rep.35C6D685.html:0
[    9255ms] [WARNING] The resource https://assets.careerviet.vn/careerviet/_next/static/css/13a7aa8b5e9c64f9.css was preloaded using link preload but not used within a few seconds from the window's load event. Please make sure it has an appropriate `as` value and it is preloaded intentionally. @ https://careerviet.vn/vi/tim-viec-lam/nhan-vien-ban-hang-kenh-sieu-thi-sales-rep.35C6D685.html:0
[    9255ms] [WARNING] The resource https://assets.careerviet.vn/careerviet/_next/static/css/9663769c5d1cec4e.css was preloaded using link preload but not used within a few seconds from the window's load event. Please make sure it has an appropriate `as` value and it is preloaded intentionally. @ https://careerviet.vn/vi/tim-viec-lam/nhan-vien-ban-hang-kenh-sieu-thi-sales-rep.35C6D685.html:0
[    9255ms] [WARNING] The resource https://assets.careerviet.vn/careerviet/_next/static/css/7137720cf51acb1c.css was preloaded using link preload but not used within a few seconds from the window's load event. Please make sure it has an appropriate `as` value and it is preloaded intentionally. @ https://careerviet.vn/vi/tim-viec-lam/nhan-vien-ban-hang-kenh-sieu-thi-sales-rep.35C6D685.html:0
[    9255ms] [WARNING] The resource https://assets.careerviet.vn/careerviet/_next/static/css/dc5231e2297630bd.css was preloaded using link preload but not used within a few seconds from the window's load event. Please make sure it has an appropriate `as` value and it is preloaded intentionally. @ https://careerviet.vn/vi/tim-viec-lam/nhan-vien-ban-hang-kenh-sieu-thi-sales-rep.35C6D685.html:0
[    9255ms] [WARNING] The resource https://assets.careerviet.vn/careerviet/_next/static/css/1482bf538d222da1.css was preloaded using link preload but not used within a few seconds from the window's load event. Please make sure it has an appropriate `as` value and it is preloaded intentionally. @ https://careerviet.vn/vi/tim-viec-lam/nhan-vien-ban-hang-kenh-sieu-thi-sales-rep.35C6D685.html:0
[    9255ms] [WARNING] The resource https://assets.careerviet.vn/careerviet/_next/static/css/e011f070e5b96016.css was preloaded using link preload but not used within a few seconds from the window's load event. Please make sure it has an appropriate `as` value and it is preloaded intentionally. @ https://careerviet.vn/vi/tim-viec-lam/nhan-vien-ban-hang-kenh-sieu-thi-sales-rep.35C6D685.html:0
[    9255ms] [WARNING] The resource https://assets.careerviet.vn/careerviet/_next/static/css/8992295e48cbf7e1.css was preloaded using link preload but not used within a few seconds from the window's load event. Please make sure it has an appropriate `as` value and it is preloaded intentionally. @ https://careerviet.vn/vi/tim-viec-lam/nhan-vien-ban-hang-kenh-sieu-thi-sales-rep.35C6D685.html:0
[    9255ms] [WARNING] The resource https://assets.careerviet.vn/careerviet/_next/static/css/5f49b579be59cba7.css was preloaded using link preload but not used within a few seconds from the window's load event. Please make sure it has an appropriate `as` value and it is preloaded intentionally. @ https://careerviet.vn/vi/tim-viec-lam/nhan-vien-ban-hang-kenh-sieu-thi-sales-rep.35C6D685.html:0
[    9255ms] [WARNING] The resource https://assets.careerviet.vn/careerviet/_next/static/css/519d764fdbc0fe1d.css was preloaded using link preload but not used within a few seconds from the window's load event. Please make sure it has an appropriate `as` value and it is preloaded intentionally. @ https://careerviet.vn/vi/tim-viec-lam/nhan-vien-ban-hang-kenh-sieu-thi-sales-rep.35C6D685.html:0
[    9256ms] [WARNING] The resource https://assets.careerviet.vn/careerviet/_next/static/css/a040aab3ab12fee3.css was preloaded using link preload but not used within a few seconds from the window's load event. Please make sure it has an appropriate `as` value and it is preloaded intentionally. @ https://careerviet.vn/vi/tim-viec-lam/nhan-vien-ban-hang-kenh-sieu-thi-sales-rep.35C6D685.html:0
[    9256ms] [WARNING] The resource https://assets.careerviet.vn/careerviet/_next/static/css/1d1ee284026a02e3.css was preloaded using link preload but not used within a few seconds from the window's load event. Please make sure it has an appropriate `as` value and it is preloaded intentionally. @ https://careerviet.vn/vi/tim-viec-lam/nhan-vien-ban-hang-kenh-sieu-thi-sales-rep.35C6D685.html:0
[    9256ms] [WARNING] The resource https://assets.careerviet.vn/careerviet/_next/static/css/fe5133f0f6e62c52.css was preloaded using link preload but not used within a few seconds from the window's load event. Please make sure it has an appropriate `as` value and it is preloaded intentionally. @ https://careerviet.vn/vi/tim-viec-lam/nhan-vien-ban-hang-kenh-sieu-thi-sales-rep.35C6D685.html:0
[    9256ms] [WARNING] The resource https://assets.careerviet.vn/careerviet/_next/static/css/8ea1f232c1691fd9.css was preloaded using link preload but not used within a few seconds from the window's load event. Please make sure it has an appropriate `as` value and it is preloaded intentionally. @ https://careerviet.vn/vi/tim-viec-lam/nhan-vien-ban-hang-kenh-sieu-thi-sales-rep.35C6D685.html:0
[    9256ms] [WARNING] The resource https://assets.careerviet.vn/careerviet/_next/static/css/e1281d8dc5ddd4bb.css was preloaded using link preload but not used within a few seconds from the window's load event. Please make sure it has an appropriate `as` value and it is preloaded intentionally. @ https://careerviet.vn/vi/tim-viec-lam/nhan-vien-ban-hang-kenh-sieu-thi-sales-rep.35C6D685.html:0
[    9256ms] [WARNING] The resource https://assets.careerviet.vn/careerviet/_next/static/css/1e4ca4045c6af995.css was preloaded using link preload but not used within a few seconds from the window's load event. Please make sure it has an appropriate `as` value and it is preloaded intentionally. @ https://careerviet.vn/vi/tim-viec-lam/nhan-vien-ban-hang-kenh-sieu-thi-sales-rep.35C6D685.html:0
[    9256ms] [WARNING] The resource https://assets.careerviet.vn/careerviet/_next/static/css/681df1a758b68625.css was preloaded using link preload but not used within a few seconds from the window's load event. Please make sure it has an appropriate `as` value and it is preloaded intentionally. @ https://careerviet.vn/vi/tim-viec-lam/nhan-vien-ban-hang-kenh-sieu-thi-sales-rep.35C6D685.html:0
[    9256ms] [WARNING] The resource https://assets.careerviet.vn/careerviet/_next/static/css/346ae17a3b288f51.css was preloaded using link preload but not used within a few seconds from the window's load event. Please make sure it has an appropriate `as` value and it is preloaded intentionally. @ https://careerviet.vn/vi/tim-viec-lam/nhan-vien-ban-hang-kenh-sieu-thi-sales-rep.35C6D685.html:0
[    9256ms] [WARNING] The resource https://assets.careerviet.vn/careerviet/_next/static/css/45d4f6442d75f756.css was preloaded using link preload but not used within a few seconds from the window's load event. Please make sure it has an appropriate `as` value and it is preloaded intentionally. @ https://careerviet.vn/vi/tim-viec-lam/nhan-vien-ban-hang-kenh-sieu-thi-sales-rep.35C6D685.html:0
